ARM Linker, 4.1 [Build 791] [Standard]

==============================================================================

Section Cross References

    user_app_task.o(.text) refers to strncmp.o(.text) for strncmp
    user_app_task.o(.text) refers to uread4.o(.text) for __aeabi_uread4
    user_app_task.o(.text) refers to rak_send_data.o(.text) for rak_send_Data
    user_app_task.o(.text) refers to bsp_init.o(.text) for SYS_Init
    user_app_task.o(.text) refers to bsp_driver.o(.text) for Reset_RAK
    user_app_task.o(.text) refers to rak_wifi_driver.o(.text) for Module_Enter_CmdMode
    user_app_task.o(.text) refers to rak_wifi_driver.o(.bss) for uCmdRspFrame
    user_app_task.o(.text) refers to bsp_driver.o(.data) for UART_RecieveDataFlag
    user_app_task.o(.text) refers to user_app_task.o(.data) for .data
    rak_wifi_driver.o(.text) refers to rak_open_cmdmode.o(.text) for rak_open_cmdMode
    rak_wifi_driver.o(.text) refers to bsp_driver.o(.text) for Delay_ms
    rak_wifi_driver.o(.text) refers to rak_write_restoreconfig.o(.text) for rak_write_restoreConfig
    rak_wifi_driver.o(.text) refers to strncmp.o(.text) for strncmp
    rak_wifi_driver.o(.text) refers to rak_read_userconfig.o(.text) for rak_read_userConfig
    rak_wifi_driver.o(.text) refers to rak_config_init.o(.text) for rak_init_config
    rak_wifi_driver.o(.text) refers to rak_query_constatus.o(.text) for rak_query_constatus
    rak_wifi_driver.o(.text) refers to rak_query_ipconfig.o(.text) for rak_query_ipconifg
    rak_wifi_driver.o(.text) refers to rak_wps_config.o(.text) for rak_wps_config
    rak_wifi_driver.o(.text) refers to rak_easy_config.o(.text) for rak_easy_config
    rak_wifi_driver.o(.text) refers to rak_wifi_driver.o(.data) for .data
    rak_wifi_driver.o(.text) refers to bsp_driver.o(.data) for UART_RecieveDataFlag
    rak_wifi_driver.o(.text) refers to rak_wifi_driver.o(.bss) for .bss
    bsp_driver.o(.text) refers to bsp_driver.o(.data) for .data
    bsp_driver.o(.text) refers to rak_wifi_driver.o(.bss) for uCmdRspFrame
    bsp_driver.o(.text) refers to system_m051series.o(.data) for CyclesPerUs
    system_m051series.o(.text) refers to aeabi_sdiv.o(.text) for __aeabi_uidivmod
    system_m051series.o(.text) refers to system_m051series.o(.data) for .data
    system_m051series.o(.text) refers to system_m051series.o(.constdata) for .constdata
    retarget.o(.text) refers to startup_m051series.o(.text) for SH_DoCommand
    retarget.o(.text) refers to retarget.o(.bss) for .bss
    retarget.o(.text) refers to retarget.o(.data) for .data
    startup_m051series.o(STACK) refers (Special) to heapauxi.o(.text) for __use_two_region_memory
    startup_m051series.o(HEAP) refers (Special) to heapauxi.o(.text) for __use_two_region_memory
    startup_m051series.o(RESET) refers (Special) to heapauxi.o(.text) for __use_two_region_memory
    startup_m051series.o(RESET) refers to startup_m051series.o(STACK) for __initial_sp
    startup_m051series.o(RESET) refers to startup_m051series.o(.text) for Reset_Handler
    startup_m051series.o(RESET) refers to bsp_driver.o(.text) for TMR1_IRQHandler
    startup_m051series.o(.text) refers (Special) to heapauxi.o(.text) for __use_two_region_memory
    startup_m051series.o(.text) refers to system_m051series.o(.text) for SystemInit
    startup_m051series.o(.text) refers to __main.o(!!!main) for __main
    startup_m051series.o(.text) refers to startup_m051series.o(HEAP) for Heap_Mem
    startup_m051series.o(.text) refers to startup_m051series.o(STACK) for Stack_Mem
    rak_config_init.o(.text) refers to strcmp.o(.text) for strcmp
    rak_config_init.o(.text) refers to strlen.o(.text) for strlen
    rak_config_init.o(.text) refers to rt_memclr.o(.text) for __aeabi_memclr4
    rak_config_init.o(.text) refers to strcpy.o(.text) for strcpy
    rak_config_init.o(.text) refers to strchr.o(.text) for strchr
    rak_open_cmdmode.o(.text) refers to bsp_driver.o(.text) for rak_UART_send
    rak_open_cmdmode.o(.text) refers to strncmp.o(.text) for strncmp
    rak_open_cmdmode.o(.text) refers to rak_wifi_driver.o(.data) for rak_Timer
    rak_open_cmdmode.o(.text) refers to bsp_driver.o(.data) for UART_RecieveDataFlag
    rak_open_cmdmode.o(.text) refers to rak_wifi_driver.o(.bss) for uCmdRspFrame
    rak_query_fwversion.o(.text) refers to rt_memclr.o(.text) for __aeabi_memclr4
    rak_query_fwversion.o(.text) refers to strcpy.o(.text) for strcpy
    rak_query_fwversion.o(.text) refers to strcat.o(.text) for strcat
    rak_query_fwversion.o(.text) refers to strlen.o(.text) for strlen
    rak_query_fwversion.o(.text) refers to bsp_driver.o(.text) for rak_UART_send
    rak_query_macaddr.o(.text) refers to rt_memclr.o(.text) for __aeabi_memclr4
    rak_query_macaddr.o(.text) refers to strcpy.o(.text) for strcpy
    rak_query_macaddr.o(.text) refers to strcat.o(.text) for strcat
    rak_query_macaddr.o(.text) refers to strlen.o(.text) for strlen
    rak_query_macaddr.o(.text) refers to bsp_driver.o(.text) for rak_UART_send
    rak_reset.o(.text) refers to rt_memclr.o(.text) for __aeabi_memclr4
    rak_reset.o(.text) refers to strcpy.o(.text) for strcpy
    rak_reset.o(.text) refers to strcat.o(.text) for strcat
    rak_reset.o(.text) refers to strlen.o(.text) for strlen
    rak_reset.o(.text) refers to bsp_driver.o(.text) for rak_UART_send
    rak_read_userconfig.o(.text) refers to rt_memclr.o(.text) for __aeabi_memclr4
    rak_read_userconfig.o(.text) refers to strcpy.o(.text) for strcpy
    rak_read_userconfig.o(.text) refers to strcat.o(.text) for strcat
    rak_read_userconfig.o(.text) refers to strlen.o(.text) for strlen
    rak_read_userconfig.o(.text) refers to bsp_driver.o(.text) for rak_UART_send
    rak_write_userconfig.o(.text) refers to _printf_percent.o(.ARM.Collect$$_printf_percent$$00000000) for _printf_percent
    rak_write_userconfig.o(.text) refers to _printf_s.o(.ARM.Collect$$_printf_percent$$00000014) for _printf_s
    rak_write_userconfig.o(.text) refers to _printf_str.o(.text) for _printf_str
    rak_write_userconfig.o(.text) refers to _printf_d.o(.ARM.Collect$$_printf_percent$$00000009) for _printf_d
    rak_write_userconfig.o(.text) refers to _printf_dec.o(.text) for _printf_int_dec
    rak_write_userconfig.o(.text) refers to rt_memclr.o(.text) for __aeabi_memclr4
    rak_write_userconfig.o(.text) refers to __2sprintf.o(.text) for __2sprintf
    rak_write_userconfig.o(.text) refers to strcmp.o(.text) for strcmp
    rak_write_userconfig.o(.text) refers to bsp_driver.o(.text) for rak_UART_send
    rak_write_userconfig.o(.text) refers to rak_wifi_driver.o(.bss) for uCmdRspFrame
    rak_read_restoreconfig.o(.text) refers to rt_memclr.o(.text) for __aeabi_memclr4
    rak_read_restoreconfig.o(.text) refers to strcpy.o(.text) for strcpy
    rak_read_restoreconfig.o(.text) refers to strcat.o(.text) for strcat
    rak_read_restoreconfig.o(.text) refers to strlen.o(.text) for strlen
    rak_read_restoreconfig.o(.text) refers to bsp_driver.o(.text) for rak_UART_send
    rak_write_restoreconfig.o(.text) refers to _printf_percent.o(.ARM.Collect$$_printf_percent$$00000000) for _printf_percent
    rak_write_restoreconfig.o(.text) refers to _printf_s.o(.ARM.Collect$$_printf_percent$$00000014) for _printf_s
    rak_write_restoreconfig.o(.text) refers to _printf_str.o(.text) for _printf_str
    rak_write_restoreconfig.o(.text) refers to _printf_d.o(.ARM.Collect$$_printf_percent$$00000009) for _printf_d
    rak_write_restoreconfig.o(.text) refers to _printf_dec.o(.text) for _printf_int_dec
    rak_write_restoreconfig.o(.text) refers to rt_memclr.o(.text) for __aeabi_memclr4
    rak_write_restoreconfig.o(.text) refers to __2sprintf.o(.text) for __2sprintf
    rak_write_restoreconfig.o(.text) refers to strcmp.o(.text) for strcmp
    rak_write_restoreconfig.o(.text) refers to rak_wifi_driver.o(.bss) for uCmdRspFrame
    rak_write_restoreconfig.o(.text) refers to bsp_driver.o(.text) for rak_UART_send
    rak_restore.o(.text) refers to rt_memclr.o(.text) for __aeabi_memclr4
    rak_restore.o(.text) refers to strcpy.o(.text) for strcpy
    rak_restore.o(.text) refers to strcat.o(.text) for strcat
    rak_restore.o(.text) refers to strlen.o(.text) for strlen
    rak_restore.o(.text) refers to bsp_driver.o(.text) for rak_UART_send
    rak_easy_txrxmode.o(.text) refers to rt_memclr.o(.text) for __aeabi_memclr4
    rak_easy_txrxmode.o(.text) refers to strcpy.o(.text) for strcpy
    rak_easy_txrxmode.o(.text) refers to strcat.o(.text) for strcat
    rak_easy_txrxmode.o(.text) refers to strlen.o(.text) for strlen
    rak_easy_txrxmode.o(.text) refers to bsp_driver.o(.text) for rak_UART_send
    rak_copy_uconfig.o(.text) refers to rt_memclr.o(.text) for __aeabi_memclr4
    rak_copy_uconfig.o(.text) refers to strcpy.o(.text) for strcpy
    rak_copy_uconfig.o(.text) refers to strcat.o(.text) for strcat
    rak_copy_uconfig.o(.text) refers to strlen.o(.text) for strlen
    rak_copy_uconfig.o(.text) refers to bsp_driver.o(.text) for rak_UART_send
    rak_query_constatus.o(.text) refers to rt_memclr.o(.text) for __aeabi_memclr4
    rak_query_constatus.o(.text) refers to strcpy.o(.text) for strcpy
    rak_query_constatus.o(.text) refers to strcat.o(.text) for strcat
    rak_query_constatus.o(.text) refers to strlen.o(.text) for strlen
    rak_query_constatus.o(.text) refers to bsp_driver.o(.text) for rak_UART_send
    rak_query_ipconfig.o(.text) refers to rt_memclr.o(.text) for __aeabi_memclr4
    rak_query_ipconfig.o(.text) refers to strcpy.o(.text) for strcpy
    rak_query_ipconfig.o(.text) refers to strcat.o(.text) for strcat
    rak_query_ipconfig.o(.text) refers to strlen.o(.text) for strlen
    rak_query_ipconfig.o(.text) refers to bsp_driver.o(.text) for rak_UART_send
    rak_query_tcpstatus.o(.text) refers to rt_memclr.o(.text) for __aeabi_memclr4
    rak_query_tcpstatus.o(.text) refers to strcpy.o(.text) for strcpy
    rak_query_tcpstatus.o(.text) refers to strcat.o(.text) for strcat
    rak_query_tcpstatus.o(.text) refers to strlen.o(.text) for strlen
    rak_query_tcpstatus.o(.text) refers to bsp_driver.o(.text) for rak_UART_send
    rak_scan_ap.o(.text) refers to rt_memclr.o(.text) for __aeabi_memclr4
    rak_scan_ap.o(.text) refers to strcpy.o(.text) for strcpy
    rak_scan_ap.o(.text) refers to strcat.o(.text) for strcat
    rak_scan_ap.o(.text) refers to strlen.o(.text) for strlen
    rak_scan_ap.o(.text) refers to bsp_driver.o(.text) for rak_UART_send
    rak_query_rssi.o(.text) refers to rt_memclr.o(.text) for __aeabi_memclr4
    rak_query_rssi.o(.text) refers to strcpy.o(.text) for strcpy
    rak_query_rssi.o(.text) refers to strcat.o(.text) for strcat
    rak_query_rssi.o(.text) refers to strlen.o(.text) for strlen
    rak_query_rssi.o(.text) refers to bsp_driver.o(.text) for rak_UART_send
    rak_get_scan.o(.text) refers to rt_memclr.o(.text) for __aeabi_memclr4
    rak_get_scan.o(.text) refers to strcpy.o(.text) for strcpy
    rak_get_scan.o(.text) refers to strcat.o(.text) for strcat
    rak_get_scan.o(.text) refers to strlen.o(.text) for strlen
    rak_get_scan.o(.text) refers to bsp_driver.o(.text) for rak_UART_send
    rak_easy_config.o(.text) refers to rt_memclr.o(.text) for __aeabi_memclr4
    rak_easy_config.o(.text) refers to strcpy.o(.text) for strcpy
    rak_easy_config.o(.text) refers to strcat.o(.text) for strcat
    rak_easy_config.o(.text) refers to strlen.o(.text) for strlen
    rak_easy_config.o(.text) refers to bsp_driver.o(.text) for rak_UART_send
    rak_wps_config.o(.text) refers to rt_memclr.o(.text) for __aeabi_memclr4
    rak_wps_config.o(.text) refers to strcpy.o(.text) for strcpy
    rak_wps_config.o(.text) refers to strcat.o(.text) for strcat
    rak_wps_config.o(.text) refers to strlen.o(.text) for strlen
    rak_wps_config.o(.text) refers to bsp_driver.o(.text) for rak_UART_send
    rak_send_data.o(.text) refers to _printf_percent.o(.ARM.Collect$$_printf_percent$$00000000) for _printf_percent
    rak_send_data.o(.text) refers to _printf_d.o(.ARM.Collect$$_printf_percent$$00000009) for _printf_d
    rak_send_data.o(.text) refers to _printf_dec.o(.text) for _printf_int_dec
    rak_send_data.o(.text) refers to rt_memclr.o(.text) for __aeabi_memclr4
    rak_send_data.o(.text) refers to strcpy.o(.text) for strcpy
    rak_send_data.o(.text) refers to strcat.o(.text) for strcat
    rak_send_data.o(.text) refers to __2sprintf.o(.text) for __2sprintf
    rak_send_data.o(.text) refers to strlen.o(.text) for strlen
    rak_send_data.o(.text) refers to bsp_driver.o(.text) for rak_UART_send
    __2sprintf.o(.text) refers to _printf_char_common.o(.text) for _printf_char_common
    __2sprintf.o(.text) refers to _sputc.o(.text) for _sputc
    noretval__2sprintf.o(.text) refers to _printf_char_common.o(.text) for _printf_char_common
    noretval__2sprintf.o(.text) refers to _sputc.o(.text) for _sputc
    __printf.o(.text) refers to _printf_percent.o(.ARM.Collect$$_printf_percent$$00000000) for _printf_percent
    _printf_str.o(.text) refers (Special) to _printf_char.o(.text) for _printf_cs_common
    _printf_dec.o(.text) refers to rtudiv10.o(.text) for __rt_udiv10
    _printf_dec.o(.text) refers to _printf_intcommon.o(.text) for _printf_int_common
    __printf_flags.o(.text) refers to _printf_percent.o(.ARM.Collect$$_printf_percent$$00000000) for _printf_percent
    __printf_flags.o(.text) refers to __printf_flags.o(.constdata) for .constdata
    __printf_ss.o(.text) refers to _printf_percent.o(.ARM.Collect$$_printf_percent$$00000000) for _printf_percent
    __printf_flags_ss.o(.text) refers to _printf_percent.o(.ARM.Collect$$_printf_percent$$00000000) for _printf_percent
    __printf_flags_ss.o(.text) refers to __printf_flags_ss.o(.constdata) for .constdata
    __printf_wp.o(.text) refers to __printf_wp.o(i._is_digit) for _is_digit
    __printf_wp.o(.text) refers to _printf_percent.o(.ARM.Collect$$_printf_percent$$00000000) for _printf_percent
    __printf_flags_wp.o(.text) refers to __printf_wp.o(i._is_digit) for _is_digit
    __printf_flags_wp.o(.text) refers to _printf_percent.o(.ARM.Collect$$_printf_percent$$00000000) for _printf_percent
    __printf_flags_wp.o(.text) refers to __printf_flags_wp.o(.constdata) for .constdata
    __printf_ss_wp.o(.text) refers to __printf_wp.o(i._is_digit) for _is_digit
    __printf_ss_wp.o(.text) refers to _printf_percent.o(.ARM.Collect$$_printf_percent$$00000000) for _printf_percent
    __printf_flags_ss_wp.o(.text) refers to __printf_wp.o(i._is_digit) for _is_digit
    __printf_flags_ss_wp.o(.text) refers to _printf_percent.o(.ARM.Collect$$_printf_percent$$00000000) for _printf_percent
    __printf_flags_ss_wp.o(.text) refers to __printf_flags_ss_wp.o(.constdata) for .constdata
    _printf_s.o(.ARM.Collect$$_printf_percent$$00000014) refers (Weak) to _printf_char.o(.text) for _printf_string
    _printf_d.o(.ARM.Collect$$_printf_percent$$00000009) refers (Weak) to _printf_dec.o(.text) for _printf_int_dec
    _printf_percent.o(.ARM.Collect$$_printf_percent$$00000000) refers (Special) to _printf_percent_end.o(.ARM.Collect$$_printf_percent$$00000017) for _printf_percent_end
    __main.o(!!!main) refers to rtentry.o(.ARM.Collect$$rtentry$$00000000) for __rt_entry
    rtentry.o(.ARM.Collect$$rtentry$$00000000) refers (Special) to rtentry2.o(.ARM.Collect$$rtentry$$0000000A) for __rt_entry_li
    rtentry.o(.ARM.Collect$$rtentry$$00000000) refers (Special) to rtentry2.o(.ARM.Collect$$rtentry$$0000000D) for __rt_entry_main
    rtentry.o(.ARM.Collect$$rtentry$$00000000) refers (Special) to rtentry2.o(.ARM.Collect$$rtentry$$0000000C) for __rt_entry_postli_1
    rtentry.o(.ARM.Collect$$rtentry$$00000000) refers (Special) to rtentry2.o(.ARM.Collect$$rtentry$$00000009) for __rt_entry_postsh_1
    rtentry.o(.ARM.Collect$$rtentry$$00000000) refers (Special) to rtentry2.o(.ARM.Collect$$rtentry$$00000002) for __rt_entry_presh_1
    rtentry.o(.ARM.Collect$$rtentry$$00000000) refers (Special) to rtentry4.o(.ARM.Collect$$rtentry$$00000004) for __rt_entry_sh
    aeabi_idiv0_sigfpe.o(.text) refers to rt_div0.o(.text) for __rt_div0
    _printf_char_common.o(.text) refers to __printf_wp.o(.text) for __printf
    _printf_char.o(.text) refers (Weak) to _printf_str.o(.text) for _printf_str
    rtentry2.o(.ARM.Collect$$rtentry$$00000008) refers to boardinit2.o(.text) for _platform_post_stackheap_init
    rtentry2.o(.ARM.Collect$$rtentry$$0000000A) refers to libinit.o(.ARM.Collect$$libinit$$00000000) for __rt_lib_init
    rtentry2.o(.ARM.Collect$$rtentry$$0000000B) refers to boardinit3.o(.text) for _platform_post_lib_init
    rtentry2.o(.ARM.Collect$$rtentry$$0000000D) refers to user_app_task.o(.text) for main
    rtentry2.o(.ARM.Collect$$rtentry$$0000000D) refers to exit.o(.text) for exit
    rtentry2.o(.ARM.exidx) refers to rtentry2.o(.ARM.Collect$$rtentry$$00000001) for .ARM.Collect$$rtentry$$00000001
    rtentry2.o(.ARM.exidx) refers to rtentry2.o(.ARM.Collect$$rtentry$$00000008) for .ARM.Collect$$rtentry$$00000008
    rtentry2.o(.ARM.exidx) refers to rtentry2.o(.ARM.Collect$$rtentry$$0000000A) for .ARM.Collect$$rtentry$$0000000A
    rtentry2.o(.ARM.exidx) refers to rtentry2.o(.ARM.Collect$$rtentry$$0000000B) for .ARM.Collect$$rtentry$$0000000B
    rtentry2.o(.ARM.exidx) refers to rtentry2.o(.ARM.Collect$$rtentry$$0000000D) for .ARM.Collect$$rtentry$$0000000D
    rtentry4.o(.ARM.Collect$$rtentry$$00000004) refers to sys_stackheap_outer.o(.text) for __user_setup_stackheap
    rtentry4.o(.ARM.exidx) refers to rtentry4.o(.ARM.Collect$$rtentry$$00000004) for .ARM.Collect$$rtentry$$00000004
    rt_div0.o(.text) refers to defsig_fpe_outer.o(.text) for __rt_SIGFPE
    sys_stackheap_outer.o(.text) refers to libspace.o(.text) for __user_perproc_libspace
    sys_stackheap_outer.o(.text) refers to startup_m051series.o(.text) for __user_initial_stackheap
    sys_stackheap_outer.o(__vectab_stack_and_reset_area) refers to tempstk.o(.text) for __temporary_stack_top
    sys_stackheap_outer.o(__vectab_stack_and_reset_area) refers to __main.o(!!!main) for __main
    exit.o(.text) refers to rtexit.o(.ARM.Collect$$rtexit$$00000000) for __rt_exit
    defsig_fpe_outer.o(.text) refers to defsig_fpe_inner.o(.text) for __rt_SIGFPE_inner
    defsig_fpe_outer.o(.text) refers to defsig_exit.o(.text) for __sig_exit
    defsig_fpe_formal.o(.text) refers to rt_raise.o(.text) for __rt_raise
    libinit.o(.ARM.Collect$$libinit$$00000000) refers (Special) to libinit2.o(.ARM.Collect$$libinit$$0000002A) for __rt_lib_init_alloca_1
    libinit.o(.ARM.Collect$$libinit$$00000000) refers (Special) to libinit2.o(.ARM.Collect$$libinit$$00000028) for __rt_lib_init_argv_1
    libinit.o(.ARM.Collect$$libinit$$00000000) refers (Special) to libinit2.o(.ARM.Collect$$libinit$$00000017) for __rt_lib_init_atexit_1
    libinit.o(.ARM.Collect$$libinit$$00000000) refers (Special) to libinit2.o(.ARM.Collect$$libinit$$0000001D) for __rt_lib_init_clock_1
    libinit.o(.ARM.Collect$$libinit$$00000000) refers (Special) to libinit2.o(.ARM.Collect$$libinit$$0000002E) for __rt_lib_init_cpp_1
    libinit.o(.ARM.Collect$$libinit$$00000000) refers (Special) to libinit2.o(.ARM.Collect$$libinit$$0000002C) for __rt_lib_init_exceptions_1
    libinit.o(.ARM.Collect$$libinit$$00000000) refers (Special) to libinit2.o(.ARM.Collect$$libinit$$0000001B) for __rt_lib_init_fp_trap_1
    libinit.o(.ARM.Collect$$libinit$$00000000) refers (Special) to libinit2.o(.ARM.Collect$$libinit$$0000001F) for __rt_lib_init_getenv_1
    libinit.o(.ARM.Collect$$libinit$$00000000) refers (Special) to libinit2.o(.ARM.Collect$$libinit$$00000006) for __rt_lib_init_heap_1
    libinit.o(.ARM.Collect$$libinit$$00000000) refers (Special) to libinit2.o(.ARM.Collect$$libinit$$0000000D) for __rt_lib_init_lc_collate_1
    libinit.o(.ARM.Collect$$libinit$$00000000) refers (Special) to libinit2.o(.ARM.Collect$$libinit$$0000000F) for __rt_lib_init_lc_ctype_1
    libinit.o(.ARM.Collect$$libinit$$00000000) refers (Special) to libinit2.o(.ARM.Collect$$libinit$$00000011) for __rt_lib_init_lc_monetary_1
    libinit.o(.ARM.Collect$$libinit$$00000000) refers (Special) to libinit2.o(.ARM.Collect$$libinit$$00000013) for __rt_lib_init_lc_numeric_1
    libinit.o(.ARM.Collect$$libinit$$00000000) refers (Special) to libinit2.o(.ARM.Collect$$libinit$$00000015) for __rt_lib_init_lc_time_1
    libinit.o(.ARM.Collect$$libinit$$00000000) refers (Special) to libinit2.o(.ARM.Collect$$libinit$$0000000A) for __rt_lib_init_rand_1
    libinit.o(.ARM.Collect$$libinit$$00000000) refers (Special) to libinit2.o(.ARM.Collect$$libinit$$0000002F) for __rt_lib_init_return
    libinit.o(.ARM.Collect$$libinit$$00000000) refers (Special) to libinit2.o(.ARM.Collect$$libinit$$00000019) for __rt_lib_init_signal_1
    libinit.o(.ARM.Collect$$libinit$$00000000) refers (Special) to libinit2.o(.ARM.Collect$$libinit$$00000021) for __rt_lib_init_stdio_1
    libinit.o(.ARM.Collect$$libinit$$00000000) refers (Special) to libinit2.o(.ARM.Collect$$libinit$$00000008) for __rt_lib_init_user_alloc_1
    libspace.o(.text) refers to libspace.o(.bss) for __libspace_start
    rtexit.o(.ARM.Collect$$rtexit$$00000000) refers (Special) to rtexit2.o(.ARM.Collect$$rtexit$$00000004) for __rt_exit_exit
    rtexit.o(.ARM.Collect$$rtexit$$00000000) refers (Special) to rtexit2.o(.ARM.Collect$$rtexit$$00000003) for __rt_exit_ls
    rtexit.o(.ARM.Collect$$rtexit$$00000000) refers (Special) to rtexit2.o(.ARM.Collect$$rtexit$$00000002) for __rt_exit_prels_1
    rtexit.o(.ARM.exidx) refers (Special) to rtexit2.o(.ARM.Collect$$rtexit$$00000004) for __rt_exit_exit
    rtexit.o(.ARM.exidx) refers (Special) to rtexit2.o(.ARM.Collect$$rtexit$$00000003) for __rt_exit_ls
    rtexit.o(.ARM.exidx) refers (Special) to rtexit2.o(.ARM.Collect$$rtexit$$00000002) for __rt_exit_prels_1
    rtexit.o(.ARM.exidx) refers to rtexit.o(.ARM.Collect$$rtexit$$00000000) for .ARM.Collect$$rtexit$$00000000
    rt_raise.o(.text) refers to __raise.o(.text) for __raise
    rt_raise.o(.text) refers to retarget.o(.text) for _sys_exit
    defsig_exit.o(.text) refers to retarget.o(.text) for _sys_exit
    defsig_fpe_inner.o(.text) refers to defsig_general.o(.text) for __default_signal_display
    libinit2.o(.ARM.Collect$$libinit$$0000000C) refers to libinit2.o(.ARM.Collect$$libinit$$0000000B) for .ARM.Collect$$libinit$$0000000B
    libinit2.o(.ARM.Collect$$libinit$$0000000E) refers to libinit2.o(.ARM.Collect$$libinit$$0000000B) for .ARM.Collect$$libinit$$0000000B
    libinit2.o(.ARM.Collect$$libinit$$00000010) refers to libinit2.o(.ARM.Collect$$libinit$$0000000B) for .ARM.Collect$$libinit$$0000000B
    libinit2.o(.ARM.Collect$$libinit$$00000012) refers to libinit2.o(.ARM.Collect$$libinit$$0000000B) for .ARM.Collect$$libinit$$0000000B
    libinit2.o(.ARM.Collect$$libinit$$00000014) refers to libinit2.o(.ARM.Collect$$libinit$$0000000B) for .ARM.Collect$$libinit$$0000000B
    libinit2.o(.ARM.Collect$$libinit$$00000022) refers to argv_veneer.o(.text) for __ARM_argv_veneer
    libinit2.o(.ARM.Collect$$libinit$$00000023) refers to argv_veneer.o(.text) for __ARM_argv_veneer
    rtexit2.o(.ARM.Collect$$rtexit$$00000003) refers to libshutdown.o(.ARM.Collect$$libshutdown$$00000000) for __rt_lib_shutdown
    rtexit2.o(.ARM.Collect$$rtexit$$00000004) refers to retarget.o(.text) for _sys_exit
    rtexit2.o(.ARM.exidx) refers to rtexit2.o(.ARM.Collect$$rtexit$$00000001) for .ARM.Collect$$rtexit$$00000001
    rtexit2.o(.ARM.exidx) refers to rtexit2.o(.ARM.Collect$$rtexit$$00000003) for .ARM.Collect$$rtexit$$00000003
    rtexit2.o(.ARM.exidx) refers to rtexit2.o(.ARM.Collect$$rtexit$$00000004) for .ARM.Collect$$rtexit$$00000004
    __raise.o(.text) refers to defsig.o(CL$$defsig) for __default_signal_handler
    defsig_general.o(.text) refers to retarget.o(.text) for _ttywrch
    defsig.o(CL$$defsig) refers to defsig_fpe_inner.o(.text) for __rt_SIGFPE_inner
    defsig.o(CL$$defsig) refers to defsig_rtmem_inner.o(.text) for __rt_SIGRTMEM_inner
    _get_argv_nomalloc.o(.text) refers (Special) to hrguard.o(.text) for __heap_region$guard
    _get_argv_nomalloc.o(.text) refers to defsig_rtmem_outer.o(.text) for __rt_SIGRTMEM
    _get_argv_nomalloc.o(.text) refers to sys_command.o(.text) for _sys_command_string
    libshutdown.o(.ARM.Collect$$libshutdown$$00000000) refers (Special) to libshutdown2.o(.ARM.Collect$$libshutdown$$00000006) for __rt_lib_shutdown_fp_trap_1
    libshutdown.o(.ARM.Collect$$libshutdown$$00000000) refers (Special) to libshutdown2.o(.ARM.Collect$$libshutdown$$0000000E) for __rt_lib_shutdown_heap_1
    libshutdown.o(.ARM.Collect$$libshutdown$$00000000) refers (Special) to libshutdown2.o(.ARM.Collect$$libshutdown$$0000000F) for __rt_lib_shutdown_return
    libshutdown.o(.ARM.Collect$$libshutdown$$00000000) refers (Special) to libshutdown2.o(.ARM.Collect$$libshutdown$$00000009) for __rt_lib_shutdown_signal_1
    libshutdown.o(.ARM.Collect$$libshutdown$$00000000) refers (Special) to libshutdown2.o(.ARM.Collect$$libshutdown$$00000003) for __rt_lib_shutdown_stdio_1
    libshutdown.o(.ARM.Collect$$libshutdown$$00000000) refers (Special) to libshutdown2.o(.ARM.Collect$$libshutdown$$0000000B) for __rt_lib_shutdown_user_alloc_1
    sys_command.o(.text) refers (Special) to use_no_semi.o(.text) for __I$use$semihosting
    sys_command.o(.text) refers (Special) to indicate_semi.o(.text) for __semihosting_library_function
    defsig_abrt_inner.o(.text) refers to defsig_general.o(.text) for __default_signal_display
    defsig_rtred_inner.o(.text) refers to defsig_general.o(.text) for __default_signal_display
    defsig_rtmem_inner.o(.text) refers to defsig_general.o(.text) for __default_signal_display
    defsig_rtmem_outer.o(.text) refers to defsig_rtmem_inner.o(.text) for __rt_SIGRTMEM_inner
    defsig_rtmem_outer.o(.text) refers to defsig_exit.o(.text) for __sig_exit
    defsig_rtmem_formal.o(.text) refers to rt_raise.o(.text) for __rt_raise
    defsig_stak_inner.o(.text) refers to defsig_general.o(.text) for __default_signal_display
    defsig_pvfn_inner.o(.text) refers to defsig_general.o(.text) for __default_signal_display
    defsig_cppl_inner.o(.text) refers to defsig_general.o(.text) for __default_signal_display
    defsig_segv_inner.o(.text) refers to defsig_general.o(.text) for __default_signal_display
    defsig_other.o(.text) refers to defsig_general.o(.text) for __default_signal_display


==============================================================================

Removing Unused input sections from the image.

    Removing user_app_task.o(.emb_text), (8 bytes).
    Removing rak_wifi_driver.o(.emb_text), (8 bytes).
    Removing rak_wifi_driver.o(.bss), (568 bytes).
    Removing bsp_driver.o(.emb_text), (8 bytes).
    Removing bsp_init.o(.emb_text), (8 bytes).
    Removing core_cm0.o(.emb_text), (32 bytes).
    Removing system_m051series.o(.emb_text), (8 bytes).
    Removing retarget.o(.emb_text), (8 bytes).
    Removing retarget.o(.data), (4 bytes).
    Removing retarget.o(.data), (4 bytes).
    Removing rak_open_cmdmode.o(.emb_text), (8 bytes).
    Removing rak_query_fwversion.o(.emb_text), (8 bytes).
    Removing rak_query_fwversion.o(.text), (64 bytes).
    Removing rak_query_macaddr.o(.emb_text), (8 bytes).
    Removing rak_query_macaddr.o(.text), (60 bytes).
    Removing rak_reset.o(.emb_text), (8 bytes).
    Removing rak_reset.o(.text), (64 bytes).
    Removing rak_read_userconfig.o(.emb_text), (8 bytes).
    Removing rak_write_userconfig.o(.emb_text), (8 bytes).
    Removing rak_write_userconfig.o(.text), (1470 bytes).
    Removing rak_read_restoreconfig.o(.emb_text), (8 bytes).
    Removing rak_read_restoreconfig.o(.text), (76 bytes).
    Removing rak_write_restoreconfig.o(.emb_text), (8 bytes).
    Removing rak_restore.o(.emb_text), (8 bytes).
    Removing rak_restore.o(.text), (64 bytes).
    Removing rak_easy_txrxmode.o(.emb_text), (8 bytes).
    Removing rak_easy_txrxmode.o(.text), (68 bytes).
    Removing rak_copy_uconfig.o(.emb_text), (8 bytes).
    Removing rak_copy_uconfig.o(.text), (64 bytes).
    Removing rak_query_constatus.o(.emb_text), (8 bytes).
    Removing rak_query_ipconfig.o(.emb_text), (8 bytes).
    Removing rak_query_tcpstatus.o(.emb_text), (8 bytes).
    Removing rak_query_tcpstatus.o(.text), (68 bytes).
    Removing rak_scan_ap.o(.emb_text), (8 bytes).
    Removing rak_scan_ap.o(.text), (64 bytes).
    Removing rak_query_rssi.o(.emb_text), (8 bytes).
    Removing rak_query_rssi.o(.text), (60 bytes).
    Removing rak_get_scan.o(.emb_text), (8 bytes).
    Removing rak_get_scan.o(.text), (68 bytes).
    Removing rak_easy_config.o(.emb_text), (8 bytes).
    Removing rak_wps_config.o(.emb_text), (8 bytes).
    Removing rak_send_data.o(.emb_text), (8 bytes).

42 unused section(s) (total 3006 bytes) removed from the image.

==============================================================================

Image Symbol Table

    Local Symbols

    Symbol Name                              Value     Ov Type        Size  Object(Section)

    RESET                                    0x00000000   Section      192  startup_m051series.o(RESET)
    ../../angel/boardlib.s                   0x00000000   Number         0  boardinit3.o ABSOLUTE
    ../../angel/boardlib.s                   0x00000000   Number         0  boardinit1.o ABSOLUTE
    ../../angel/boardlib.s                   0x00000000   Number         0  boardinit2.o ABSOLUTE
    ../../angel/boardlib.s                   0x00000000   Number         0  boardshut.o ABSOLUTE
    ../../angel/handlers.s                   0x00000000   Number         0  __scatter_copy.o ABSOLUTE
    ../../angel/handlers.s                   0x00000000   Number         0  __scatter_zi.o ABSOLUTE
    ../../angel/kernel.s                     0x00000000   Number         0  rtexit2.o ABSOLUTE
    ../../angel/kernel.s                     0x00000000   Number         0  rtentry.o ABSOLUTE
    ../../angel/kernel.s                     0x00000000   Number         0  rtentry2.o ABSOLUTE
    ../../angel/kernel.s                     0x00000000   Number         0  rtexit.o ABSOLUTE
    ../../angel/kernel.s                     0x00000000   Number         0  rtentry4.o ABSOLUTE
    ../../angel/rt.s                         0x00000000   Number         0  rt_raise.o ABSOLUTE
    ../../angel/rt.s                         0x00000000   Number         0  aeabi_idiv0.o ABSOLUTE
    ../../angel/rt.s                         0x00000000   Number         0  rt_div0.o ABSOLUTE
    ../../angel/rt.s                         0x00000000   Number         0  aeabi_idiv0_sigfpe.o ABSOLUTE
    ../../angel/scatterp.s                   0x00000000   Number         0  __scatter.o ABSOLUTE
    ../../angel/startup.s                    0x00000000   Number         0  __main.o ABSOLUTE
    ../../angel/sys.s                        0x00000000   Number         0  indicate_semi.o ABSOLUTE
    ../../angel/sys.s                        0x00000000   Number         0  use_no_semi.o ABSOLUTE
    ../../angel/sys.s                        0x00000000   Number         0  tempstk.o ABSOLUTE
    ../../angel/sys.s                        0x00000000   Number         0  libspace.o ABSOLUTE
    ../../angel/sys.s                        0x00000000   Number         0  sys_stackheap_outer.o ABSOLUTE
    ../../angel/sysapp.c                     0x00000000   Number         0  sys_command.o ABSOLUTE
    ../../armsys.c                           0x00000000   Number         0  no_argv.o ABSOLUTE
    ../../armsys.c                           0x00000000   Number         0  argv_veneer.o ABSOLUTE
    ../../armsys.c                           0x00000000   Number         0  _get_argv_nomalloc.o ABSOLUTE
    ../../cfplib/fpinit.c                    0x00000000   Number         0  fpinit.o ABSOLUTE
    ../../division.c                         0x00000000   Number         0  rtudiv10.o ABSOLUTE
    ../../division.s                         0x00000000   Number         0  aeabi_sdiv_div0.o ABSOLUTE
    ../../division.s                         0x00000000   Number         0  aeabi_sdiv.o ABSOLUTE
    ../../heapalloc.c                        0x00000000   Number         0  hrguard.o ABSOLUTE
    ../../heapaux.c                          0x00000000   Number         0  heapauxi.o ABSOLUTE
    ../../libinit.s                          0x00000000   Number         0  libshutdown2.o ABSOLUTE
    ../../libinit.s                          0x00000000   Number         0  libshutdown.o ABSOLUTE
    ../../libinit.s                          0x00000000   Number         0  libinit.o ABSOLUTE
    ../../libinit.s                          0x00000000   Number         0  libinit2.o ABSOLUTE
    ../../memcpset.c                         0x00000000   Number         0  rt_memclr.o ABSOLUTE
    ../../misc.s                             0x00000000   Number         0  printf_stubs.o ABSOLUTE
    ../../printf.c                           0x00000000   Number         0  _printf_intcommon.o ABSOLUTE
    ../../printf.c                           0x00000000   Number         0  _printf_char_common.o ABSOLUTE
    ../../printf.c                           0x00000000   Number         0  _sputc.o ABSOLUTE
    ../../printf.c                           0x00000000   Number         0  _printf_char.o ABSOLUTE
    ../../printf.c                           0x00000000   Number         0  __printf_nopercent.o ABSOLUTE
    ../../printf.c                           0x00000000   Number         0  __2sprintf.o ABSOLUTE
    ../../printf.c                           0x00000000   Number         0  __printf.o ABSOLUTE
    ../../printf.c                           0x00000000   Number         0  _printf_str.o ABSOLUTE
    ../../printf.c                           0x00000000   Number         0  _printf_dec.o ABSOLUTE
    ../../printf.c                           0x00000000   Number         0  __printf_flags.o ABSOLUTE
    ../../printf.c                           0x00000000   Number         0  __printf_ss.o ABSOLUTE
    ../../printf.c                           0x00000000   Number         0  __printf_flags_ss.o ABSOLUTE
    ../../printf.c                           0x00000000   Number         0  __printf_wp.o ABSOLUTE
    ../../printf.c                           0x00000000   Number         0  __printf_flags_wp.o ABSOLUTE
    ../../printf.c                           0x00000000   Number         0  __printf_ss_wp.o ABSOLUTE
    ../../printf.c                           0x00000000   Number         0  __printf_flags_ss_wp.o ABSOLUTE
    ../../printf.c                           0x00000000   Number         0  noretval__2sprintf.o ABSOLUTE
    ../../printf_percent.s                   0x00000000   Number         0  _printf_s.o ABSOLUTE
    ../../printf_percent.s                   0x00000000   Number         0  _printf_d.o ABSOLUTE
    ../../printf_percent.s                   0x00000000   Number         0  _printf_percent_end.o ABSOLUTE
    ../../printf_percent.s                   0x00000000   Number         0  _printf_percent.o ABSOLUTE
    ../../signal.c                           0x00000000   Number         0  defsig_exit.o ABSOLUTE
    ../../signal.c                           0x00000000   Number         0  defsig_rtred_inner.o ABSOLUTE
    ../../signal.c                           0x00000000   Number         0  defsig_pvfn_inner.o ABSOLUTE
    ../../signal.c                           0x00000000   Number         0  defsig_fpe_formal.o ABSOLUTE
    ../../signal.c                           0x00000000   Number         0  __raise.o ABSOLUTE
    ../../signal.c                           0x00000000   Number         0  defsig_abrt_inner.o ABSOLUTE
    ../../signal.c                           0x00000000   Number         0  defsig_fpe_outer.o ABSOLUTE
    ../../signal.c                           0x00000000   Number         0  defsig_general.o ABSOLUTE
    ../../signal.c                           0x00000000   Number         0  defsig_fpe_inner.o ABSOLUTE
    ../../signal.c                           0x00000000   Number         0  defsig_rtmem_inner.o ABSOLUTE
    ../../signal.c                           0x00000000   Number         0  defsig_rtmem_outer.o ABSOLUTE
    ../../signal.c                           0x00000000   Number         0  defsig_other.o ABSOLUTE
    ../../signal.c                           0x00000000   Number         0  defsig_segv_inner.o ABSOLUTE
    ../../signal.c                           0x00000000   Number         0  defsig_cppl_inner.o ABSOLUTE
    ../../signal.c                           0x00000000   Number         0  defsig_stak_inner.o ABSOLUTE
    ../../signal.c                           0x00000000   Number         0  defsig_rtmem_formal.o ABSOLUTE
    ../../signal.s                           0x00000000   Number         0  defsig.o ABSOLUTE
    ../../stdlib.c                           0x00000000   Number         0  exit.o ABSOLUTE
    ../../string.c                           0x00000000   Number         0  strlen.o ABSOLUTE
    ../../string.c                           0x00000000   Number         0  strcpy.o ABSOLUTE
    ../../string.c                           0x00000000   Number         0  strchr.o ABSOLUTE
    ../../string.c                           0x00000000   Number         0  strcat.o ABSOLUTE
    ../../string.c                           0x00000000   Number         0  strcmp.o ABSOLUTE
    ../../string.c                           0x00000000   Number         0  strncmp.o ABSOLUTE
    ../../unhosted.c                         0x00000000   Number         0  uread4.o ABSOLUTE
    ..\LibM051Series\CMSIS\CM0\CoreSupport\core_cm0.c 0x00000000   Number         0  core_cm0.o ABSOLUTE
    ..\LibM051Series\CMSIS\CM0\DeviceSupport\Nuvoton\M051Series\startup\iar\startup_M051Series.s 0x00000000   Number         0  startup_m051series.o ABSOLUTE
    ..\LibM051Series\CMSIS\CM0\DeviceSupport\Nuvoton\M051Series\system_M051Series.c 0x00000000   Number         0  system_m051series.o ABSOLUTE
    ..\LibM051Series\StdDriver\src\retarget.c 0x00000000   Number         0  retarget.o ABSOLUTE
    ..\RAK_Driver\rak_config_init.c          0x00000000   Number         0  rak_config_init.o ABSOLUTE
    ..\RAK_Driver\rak_copy_uConfig.c         0x00000000   Number         0  rak_copy_uconfig.o ABSOLUTE
    ..\RAK_Driver\rak_easy_config.c          0x00000000   Number         0  rak_easy_config.o ABSOLUTE
    ..\RAK_Driver\rak_easy_txrxMode.c        0x00000000   Number         0  rak_easy_txrxmode.o ABSOLUTE
    ..\RAK_Driver\rak_get_scan.c             0x00000000   Number         0  rak_get_scan.o ABSOLUTE
    ..\RAK_Driver\rak_open_cmdMode.c         0x00000000   Number         0  rak_open_cmdmode.o ABSOLUTE
    ..\RAK_Driver\rak_query_constatus.c      0x00000000   Number         0  rak_query_constatus.o ABSOLUTE
    ..\RAK_Driver\rak_query_fwversion.c      0x00000000   Number         0  rak_query_fwversion.o ABSOLUTE
    ..\RAK_Driver\rak_query_ipconfig.c       0x00000000   Number         0  rak_query_ipconfig.o ABSOLUTE
    ..\RAK_Driver\rak_query_macaddr.c        0x00000000   Number         0  rak_query_macaddr.o ABSOLUTE
    ..\RAK_Driver\rak_query_rssi.c           0x00000000   Number         0  rak_query_rssi.o ABSOLUTE
    ..\RAK_Driver\rak_query_tcpstatus.c      0x00000000   Number         0  rak_query_tcpstatus.o ABSOLUTE
    ..\RAK_Driver\rak_read_restoreConfig.c   0x00000000   Number         0  rak_read_restoreconfig.o ABSOLUTE
    ..\RAK_Driver\rak_read_userConfig.c      0x00000000   Number         0  rak_read_userconfig.o ABSOLUTE
    ..\RAK_Driver\rak_reset.c                0x00000000   Number         0  rak_reset.o ABSOLUTE
    ..\RAK_Driver\rak_restore.c              0x00000000   Number         0  rak_restore.o ABSOLUTE
    ..\RAK_Driver\rak_scan_ap.c              0x00000000   Number         0  rak_scan_ap.o ABSOLUTE
    ..\RAK_Driver\rak_send_data.c            0x00000000   Number         0  rak_send_data.o ABSOLUTE
    ..\RAK_Driver\rak_wps_config.c           0x00000000   Number         0  rak_wps_config.o ABSOLUTE
    ..\RAK_Driver\rak_write_restoreConfig.c  0x00000000   Number         0  rak_write_restoreconfig.o ABSOLUTE
    ..\RAK_Driver\rak_write_userConfig.c     0x00000000   Number         0  rak_write_userconfig.o ABSOLUTE
    ..\RAK_Source\BSP_Driver.c               0x00000000   Number         0  bsp_driver.o ABSOLUTE
    ..\RAK_Source\BSP_Init.c                 0x00000000   Number         0  bsp_init.o ABSOLUTE
    ..\RAK_Source\RAK_WIFI_Driver.c          0x00000000   Number         0  rak_wifi_driver.o ABSOLUTE
    ..\RAK_Source\USER_APP_Task.c            0x00000000   Number         0  user_app_task.o ABSOLUTE
    ..\\LibM051Series\\CMSIS\\CM0\\CoreSupport\\core_cm0.c 0x00000000   Number         0  core_cm0.o ABSOLUTE
    ..\\LibM051Series\\CMSIS\\CM0\\DeviceSupport\\Nuvoton\\M051Series\\system_M051Series.c 0x00000000   Number         0  system_m051series.o ABSOLUTE
    ..\\LibM051Series\\StdDriver\\src\\retarget.c 0x00000000   Number         0  retarget.o ABSOLUTE
    ..\\RAK_Driver\\rak_copy_uConfig.c       0x00000000   Number         0  rak_copy_uconfig.o ABSOLUTE
    ..\\RAK_Driver\\rak_easy_config.c        0x00000000   Number         0  rak_easy_config.o ABSOLUTE
    ..\\RAK_Driver\\rak_easy_txrxMode.c      0x00000000   Number         0  rak_easy_txrxmode.o ABSOLUTE
    ..\\RAK_Driver\\rak_get_scan.c           0x00000000   Number         0  rak_get_scan.o ABSOLUTE
    ..\\RAK_Driver\\rak_open_cmdMode.c       0x00000000   Number         0  rak_open_cmdmode.o ABSOLUTE
    ..\\RAK_Driver\\rak_query_constatus.c    0x00000000   Number         0  rak_query_constatus.o ABSOLUTE
    ..\\RAK_Driver\\rak_query_fwversion.c    0x00000000   Number         0  rak_query_fwversion.o ABSOLUTE
    ..\\RAK_Driver\\rak_query_ipconfig.c     0x00000000   Number         0  rak_query_ipconfig.o ABSOLUTE
    ..\\RAK_Driver\\rak_query_macaddr.c      0x00000000   Number         0  rak_query_macaddr.o ABSOLUTE
    ..\\RAK_Driver\\rak_query_rssi.c         0x00000000   Number         0  rak_query_rssi.o ABSOLUTE
    ..\\RAK_Driver\\rak_query_tcpstatus.c    0x00000000   Number         0  rak_query_tcpstatus.o ABSOLUTE
    ..\\RAK_Driver\\rak_read_restoreConfig.c 0x00000000   Number         0  rak_read_restoreconfig.o ABSOLUTE
    ..\\RAK_Driver\\rak_read_userConfig.c    0x00000000   Number         0  rak_read_userconfig.o ABSOLUTE
    ..\\RAK_Driver\\rak_reset.c              0x00000000   Number         0  rak_reset.o ABSOLUTE
    ..\\RAK_Driver\\rak_restore.c            0x00000000   Number         0  rak_restore.o ABSOLUTE
    ..\\RAK_Driver\\rak_scan_ap.c            0x00000000   Number         0  rak_scan_ap.o ABSOLUTE
    ..\\RAK_Driver\\rak_send_data.c          0x00000000   Number         0  rak_send_data.o ABSOLUTE
    ..\\RAK_Driver\\rak_wps_config.c         0x00000000   Number         0  rak_wps_config.o ABSOLUTE
    ..\\RAK_Driver\\rak_write_restoreConfig.c 0x00000000   Number         0  rak_write_restoreconfig.o ABSOLUTE
    ..\\RAK_Driver\\rak_write_userConfig.c   0x00000000   Number         0  rak_write_userconfig.o ABSOLUTE
    ..\\RAK_Source\\BSP_Driver.c             0x00000000   Number         0  bsp_driver.o ABSOLUTE
    ..\\RAK_Source\\BSP_Init.c               0x00000000   Number         0  bsp_init.o ABSOLUTE
    ..\\RAK_Source\\RAK_WIFI_Driver.c        0x00000000   Number         0  rak_wifi_driver.o ABSOLUTE
    ..\\RAK_Source\\USER_APP_Task.c          0x00000000   Number         0  user_app_task.o ABSOLUTE
    dc.s                                     0x00000000   Number         0  dc.o ABSOLUTE
    !!!main                                  0x000000c0   Section        8  __main.o(!!!main)
    !!!scatter                               0x000000c8   Section       60  __scatter.o(!!!scatter)
    !!handler_copy                           0x00000104   Section       26  __scatter_copy.o(!!handler_copy)
    !!handler_zi                             0x00000120   Section       28  __scatter_zi.o(!!handler_zi)
    .ARM.Collect$$_printf_percent$$00000000  0x0000013c   Section        2  _printf_percent.o(.ARM.Collect$$_printf_percent$$00000000)
    .ARM.Collect$$_printf_percent$$00000009  0x0000013e   Section       10  _printf_d.o(.ARM.Collect$$_printf_percent$$00000009)
    .ARM.Collect$$_printf_percent$$00000014  0x00000148   Section       10  _printf_s.o(.ARM.Collect$$_printf_percent$$00000014)
    .ARM.Collect$$_printf_percent$$00000017  0x00000152   Section        4  _printf_percent_end.o(.ARM.Collect$$_printf_percent$$00000017)
    .ARM.Collect$$libinit$$00000000          0x00000156   Section        6  libinit.o(.ARM.Collect$$libinit$$00000000)
    .ARM.Collect$$libinit$$00000006          0x0000015c   Section        0  libinit2.o(.ARM.Collect$$libinit$$00000006)
    .ARM.Collect$$libinit$$00000008          0x0000015c   Section        0  libinit2.o(.ARM.Collect$$libinit$$00000008)
    .ARM.Collect$$libinit$$0000000A          0x0000015c   Section        0  libinit2.o(.ARM.Collect$$libinit$$0000000A)
    .ARM.Collect$$libinit$$0000000D          0x0000015c   Section        0  libinit2.o(.ARM.Collect$$libinit$$0000000D)
    .ARM.Collect$$libinit$$0000000F          0x0000015c   Section        0  libinit2.o(.ARM.Collect$$libinit$$0000000F)
    .ARM.Collect$$libinit$$00000011          0x0000015c   Section        0  libinit2.o(.ARM.Collect$$libinit$$00000011)
    .ARM.Collect$$libinit$$00000013          0x0000015c   Section        0  libinit2.o(.ARM.Collect$$libinit$$00000013)
    .ARM.Collect$$libinit$$00000015          0x0000015c   Section        0  libinit2.o(.ARM.Collect$$libinit$$00000015)
    .ARM.Collect$$libinit$$00000017          0x0000015c   Section        0  libinit2.o(.ARM.Collect$$libinit$$00000017)
    .ARM.Collect$$libinit$$00000019          0x0000015c   Section        0  libinit2.o(.ARM.Collect$$libinit$$00000019)
    .ARM.Collect$$libinit$$0000001B          0x0000015c   Section        0  libinit2.o(.ARM.Collect$$libinit$$0000001B)
    .ARM.Collect$$libinit$$0000001D          0x0000015c   Section        0  libinit2.o(.ARM.Collect$$libinit$$0000001D)
    .ARM.Collect$$libinit$$0000001F          0x0000015c   Section        0  libinit2.o(.ARM.Collect$$libinit$$0000001F)
    .ARM.Collect$$libinit$$00000021          0x0000015c   Section        0  libinit2.o(.ARM.Collect$$libinit$$00000021)
    .ARM.Collect$$libinit$$00000028          0x0000015c   Section        0  libinit2.o(.ARM.Collect$$libinit$$00000028)
    .ARM.Collect$$libinit$$0000002A          0x0000015c   Section        0  libinit2.o(.ARM.Collect$$libinit$$0000002A)
    .ARM.Collect$$libinit$$0000002C          0x0000015c   Section        0  libinit2.o(.ARM.Collect$$libinit$$0000002C)
    .ARM.Collect$$libinit$$0000002E          0x0000015c   Section        0  libinit2.o(.ARM.Collect$$libinit$$0000002E)
    .ARM.Collect$$libinit$$0000002F          0x0000015c   Section        2  libinit2.o(.ARM.Collect$$libinit$$0000002F)
    .ARM.Collect$$libshutdown$$00000000      0x0000015e   Section        2  libshutdown.o(.ARM.Collect$$libshutdown$$00000000)
    .ARM.Collect$$libshutdown$$00000003      0x00000160   Section        0  libshutdown2.o(.ARM.Collect$$libshutdown$$00000003)
    .ARM.Collect$$libshutdown$$00000006      0x00000160   Section        0  libshutdown2.o(.ARM.Collect$$libshutdown$$00000006)
    .ARM.Collect$$libshutdown$$00000009      0x00000160   Section        0  libshutdown2.o(.ARM.Collect$$libshutdown$$00000009)
    .ARM.Collect$$libshutdown$$0000000B      0x00000160   Section        0  libshutdown2.o(.ARM.Collect$$libshutdown$$0000000B)
    .ARM.Collect$$libshutdown$$0000000E      0x00000160   Section        0  libshutdown2.o(.ARM.Collect$$libshutdown$$0000000E)
    .ARM.Collect$$libshutdown$$0000000F      0x00000160   Section        2  libshutdown2.o(.ARM.Collect$$libshutdown$$0000000F)
    .ARM.Collect$$rtentry$$00000000          0x00000162   Section        0  rtentry.o(.ARM.Collect$$rtentry$$00000000)
    .ARM.Collect$$rtentry$$00000002          0x00000162   Section        0  rtentry2.o(.ARM.Collect$$rtentry$$00000002)
    .ARM.Collect$$rtentry$$00000004          0x00000162   Section        6  rtentry4.o(.ARM.Collect$$rtentry$$00000004)
    .ARM.Collect$$rtentry$$00000009          0x00000168   Section        0  rtentry2.o(.ARM.Collect$$rtentry$$00000009)
    .ARM.Collect$$rtentry$$0000000A          0x00000168   Section        4  rtentry2.o(.ARM.Collect$$rtentry$$0000000A)
    .ARM.Collect$$rtentry$$0000000C          0x0000016c   Section        0  rtentry2.o(.ARM.Collect$$rtentry$$0000000C)
    .ARM.Collect$$rtentry$$0000000D          0x0000016c   Section        8  rtentry2.o(.ARM.Collect$$rtentry$$0000000D)
    .ARM.Collect$$rtexit$$00000000           0x00000174   Section        2  rtexit.o(.ARM.Collect$$rtexit$$00000000)
    .ARM.Collect$$rtexit$$00000002           0x00000176   Section        0  rtexit2.o(.ARM.Collect$$rtexit$$00000002)
    .ARM.Collect$$rtexit$$00000003           0x00000176   Section        4  rtexit2.o(.ARM.Collect$$rtexit$$00000003)
    .ARM.Collect$$rtexit$$00000004           0x0000017a   Section        6  rtexit2.o(.ARM.Collect$$rtexit$$00000004)
    .text                                    0x00000180   Section        0  user_app_task.o(.text)
    .text                                    0x00000248   Section        0  rak_wifi_driver.o(.text)
    .text                                    0x0000040c   Section        0  bsp_driver.o(.text)
    SYS_SysTickDelay                         0x000004c1   Thumb Code    26  bsp_driver.o(.text)
    .text                                    0x00000504   Section        0  bsp_init.o(.text)
    .text                                    0x000005e8   Section        0  system_m051series.o(.text)
    .text                                    0x000006e4   Section        0  retarget.o(.text)
    .text                                    0x000007b4   Section      140  startup_m051series.o(.text)
    Default_Handler                          0x000007ef   Thumb Code     2  startup_m051series.o(.text)
    .text                                    0x00000840   Section        0  rak_config_init.o(.text)
    .text                                    0x000010d4   Section        0  rak_open_cmdmode.o(.text)
    .text                                    0x0000116c   Section        0  rak_read_userconfig.o(.text)
    .text                                    0x000011b0   Section        0  rak_write_restoreconfig.o(.text)
    .text                                    0x00001774   Section        0  rak_query_constatus.o(.text)
    .text                                    0x000017b8   Section        0  rak_query_ipconfig.o(.text)
    .text                                    0x000017f8   Section        0  rak_easy_config.o(.text)
    .text                                    0x0000183c   Section        0  rak_wps_config.o(.text)
    .text                                    0x00001878   Section        0  rak_send_data.o(.text)
    .text                                    0x00001968   Section        0  __2sprintf.o(.text)
    .text                                    0x00001994   Section        0  _printf_str.o(.text)
    .text                                    0x000019e8   Section        0  _printf_dec.o(.text)
    .text                                    0x00001a54   Section        0  __printf_wp.o(.text)
    .text                                    0x00001b64   Section        0  strchr.o(.text)
    .text                                    0x00001b78   Section        0  strcpy.o(.text)
    .text                                    0x00001bc4   Section        0  strlen.o(.text)
    .text                                    0x00001c08   Section        0  strncmp.o(.text)
    .text                                    0x00001ca8   Section        0  strcat.o(.text)
    .text                                    0x00001cc0   Section        0  rt_memclr.o(.text)
    .text                                    0x00001d00   Section        0  strcmp.o(.text)
    .text                                    0x00001d88   Section        0  uread4.o(.text)
    .text                                    0x00001daa   Section      346  aeabi_sdiv.o(.text)
    .text                                    0x00001f04   Section        0  heapauxi.o(.text)
    .text                                    0x00001f0a   Section        0  _printf_intcommon.o(.text)
    .text                                    0x00001fbc   Section        0  _printf_char_common.o(.text)
    _printf_input_char                       0x00001fbd   Thumb Code    10  _printf_char_common.o(.text)
    .text                                    0x00001fec   Section        0  _sputc.o(.text)
    .text                                    0x00001ff6   Section        0  _printf_char.o(.text)
    .text                                    0x00002024   Section        0  rtudiv10.o(.text)
    .text                                    0x0000204c   Section       62  sys_stackheap_outer.o(.text)
    .text                                    0x0000208a   Section        0  exit.o(.text)
    .text                                    0x00002098   Section        8  libspace.o(.text)
    i._is_digit                              0x000020a0   Section        0  __printf_wp.o(i._is_digit)
    .constdata                               0x000020b0   Section       32  system_m051series.o(.constdata)
    .data                                    0x20000000   Section        2  user_app_task.o(.data)
    .data                                    0x20000004   Section        4  rak_wifi_driver.o(.data)
    .data                                    0x20000008   Section        6  bsp_driver.o(.data)
    .data                                    0x20000010   Section       12  system_m051series.o(.data)
    .data                                    0x2000001c   Section        1  retarget.o(.data)
    g_buf_len                                0x2000001c   Data           1  retarget.o(.data)
    .bss                                     0x20000020   Section     1792  rak_wifi_driver.o(.bss)
    .bss                                     0x20000720   Section       16  retarget.o(.bss)
    g_buf                                    0x20000720   Data          16  retarget.o(.bss)
    .bss                                     0x20000730   Section       96  libspace.o(.bss)
    HEAP                                     0x20000790   Section        0  startup_m051series.o(HEAP)
    STACK                                    0x20000790   Section      512  startup_m051series.o(STACK)
    Heap_Mem                                 0x20000790   Data           0  startup_m051series.o(HEAP)
    Stack_Mem                                0x20000790   Data         512  startup_m051series.o(STACK)
    __initial_sp                             0x20000990   Data           0  startup_m051series.o(STACK)

    Global Symbols

    Symbol Name                              Value     Ov Type        Size  Object(Section)

    BuildAttributes$$THM_ISAv3M$S$PE$A:L22$X:L11$S22$IEEE1$IW$USESV6$~STKCKD$USESV7$~SHL$OSPACE$ROPI$EBA8$UX$STANDARDLIB$REQ8$PRES8$EABIv2 0x00000000   Number         0  anon$$obj.o ABSOLUTE
    __ARM_use_no_argv                        0x00000000   Number         0  user_app_task.o ABSOLUTE
    __Vectors                                0x00000000   Data           4  startup_m051series.o(RESET)
    _printf_flags                            0x00000000   Number         0  printf_stubs.o ABSOLUTE
    _printf_return_value                     0x00000000   Number         0  printf_stubs.o ABSOLUTE
    _printf_sizespec                         0x00000000   Number         0  printf_stubs.o ABSOLUTE
    _printf_widthprec                        0x00000000   Number         0  printf_stubs.o ABSOLUTE
    __ARM_exceptions_init                     - Undefined Weak Reference
    __alloca_initialize                       - Undefined Weak Reference
    __cpp_initialize__aeabi_                  - Undefined Weak Reference
    __cxa_finalize                            - Undefined Weak Reference
    __rt_locale                               - Undefined Weak Reference
    __sigvec_lookup                           - Undefined Weak Reference
    _atexit_init                              - Undefined Weak Reference
    _call_atexit_fns                          - Undefined Weak Reference
    _clock_init                               - Undefined Weak Reference
    _fp_trap_init                             - Undefined Weak Reference
    _fp_trap_shutdown                         - Undefined Weak Reference
    _get_lc_collate                           - Undefined Weak Reference
    _get_lc_ctype                             - Undefined Weak Reference
    _get_lc_monetary                          - Undefined Weak Reference
    _get_lc_numeric                           - Undefined Weak Reference
    _get_lc_time                              - Undefined Weak Reference
    _getenv_init                              - Undefined Weak Reference
    _handle_redirection                       - Undefined Weak Reference
    _init_alloc                               - Undefined Weak Reference
    _init_user_alloc                          - Undefined Weak Reference
    _initio                                   - Undefined Weak Reference
    _printf_mbtowc                            - Undefined Weak Reference
    _printf_post_padding                      - Undefined Weak Reference
    _printf_pre_padding                       - Undefined Weak Reference
    _printf_truncate_signed                   - Undefined Weak Reference
    _printf_truncate_unsigned                 - Undefined Weak Reference
    _rand_init                                - Undefined Weak Reference
    _signal_finish                            - Undefined Weak Reference
    _signal_init                              - Undefined Weak Reference
    _terminate_alloc                          - Undefined Weak Reference
    _terminate_user_alloc                     - Undefined Weak Reference
    _terminateio                              - Undefined Weak Reference
    __main                                   0x000000c1   Thumb Code     8  __main.o(!!!main)
    __scatterload                            0x000000c9   Thumb Code     0  __scatter.o(!!!scatter)
    __scatterload_rt2                        0x000000c9   Thumb Code    52  __scatter.o(!!!scatter)
    __scatterload_rt2_thumb_only             0x000000c9   Thumb Code     0  __scatter.o(!!!scatter)
    __scatterload_null                       0x000000d9   Thumb Code     0  __scatter.o(!!!scatter)
    __scatterload_copy                       0x00000105   Thumb Code    26  __scatter_copy.o(!!handler_copy)
    __scatterload_zeroinit                   0x00000121   Thumb Code    28  __scatter_zi.o(!!handler_zi)
    _printf_percent                          0x0000013d   Thumb Code     0  _printf_percent.o(.ARM.Collect$$_printf_percent$$00000000)
    _printf_d                                0x0000013f   Thumb Code     0  _printf_d.o(.ARM.Collect$$_printf_percent$$00000009)
    _printf_s                                0x00000149   Thumb Code     0  _printf_s.o(.ARM.Collect$$_printf_percent$$00000014)
    _printf_percent_end                      0x00000153   Thumb Code     0  _printf_percent_end.o(.ARM.Collect$$_printf_percent$$00000017)
    __rt_lib_init                            0x00000157   Thumb Code     0  libinit.o(.ARM.Collect$$libinit$$00000000)
    __rt_lib_init_alloca_1                   0x0000015d   Thumb Code     0  libinit2.o(.ARM.Collect$$libinit$$0000002A)
    __rt_lib_init_argv_1                     0x0000015d   Thumb Code     0  libinit2.o(.ARM.Collect$$libinit$$00000028)
    __rt_lib_init_atexit_1                   0x0000015d   Thumb Code     0  libinit2.o(.ARM.Collect$$libinit$$00000017)
    __rt_lib_init_clock_1                    0x0000015d   Thumb Code     0  libinit2.o(.ARM.Collect$$libinit$$0000001D)
    __rt_lib_init_cpp_1                      0x0000015d   Thumb Code     0  libinit2.o(.ARM.Collect$$libinit$$0000002E)
    __rt_lib_init_exceptions_1               0x0000015d   Thumb Code     0  libinit2.o(.ARM.Collect$$libinit$$0000002C)
    __rt_lib_init_fp_trap_1                  0x0000015d   Thumb Code     0  libinit2.o(.ARM.Collect$$libinit$$0000001B)
    __rt_lib_init_getenv_1                   0x0000015d   Thumb Code     0  libinit2.o(.ARM.Collect$$libinit$$0000001F)
    __rt_lib_init_heap_1                     0x0000015d   Thumb Code     0  libinit2.o(.ARM.Collect$$libinit$$00000006)
    __rt_lib_init_lc_collate_1               0x0000015d   Thumb Code     0  libinit2.o(.ARM.Collect$$libinit$$0000000D)
    __rt_lib_init_lc_ctype_1                 0x0000015d   Thumb Code     0  libinit2.o(.ARM.Collect$$libinit$$0000000F)
    __rt_lib_init_lc_monetary_1              0x0000015d   Thumb Code     0  libinit2.o(.ARM.Collect$$libinit$$00000011)
    __rt_lib_init_lc_numeric_1               0x0000015d   Thumb Code     0  libinit2.o(.ARM.Collect$$libinit$$00000013)
    __rt_lib_init_lc_time_1                  0x0000015d   Thumb Code     0  libinit2.o(.ARM.Collect$$libinit$$00000015)
    __rt_lib_init_rand_1                     0x0000015d   Thumb Code     0  libinit2.o(.ARM.Collect$$libinit$$0000000A)
    __rt_lib_init_return                     0x0000015d   Thumb Code     0  libinit2.o(.ARM.Collect$$libinit$$0000002F)
    __rt_lib_init_signal_1                   0x0000015d   Thumb Code     0  libinit2.o(.ARM.Collect$$libinit$$00000019)
    __rt_lib_init_stdio_1                    0x0000015d   Thumb Code     0  libinit2.o(.ARM.Collect$$libinit$$00000021)
    __rt_lib_init_user_alloc_1               0x0000015d   Thumb Code     0  libinit2.o(.ARM.Collect$$libinit$$00000008)
    __rt_lib_shutdown                        0x0000015f   Thumb Code     0  libshutdown.o(.ARM.Collect$$libshutdown$$00000000)
    __rt_lib_shutdown_fp_trap_1              0x00000161   Thumb Code     0  libshutdown2.o(.ARM.Collect$$libshutdown$$00000006)
    __rt_lib_shutdown_heap_1                 0x00000161   Thumb Code     0  libshutdown2.o(.ARM.Collect$$libshutdown$$0000000E)
    __rt_lib_shutdown_return                 0x00000161   Thumb Code     0  libshutdown2.o(.ARM.Collect$$libshutdown$$0000000F)
    __rt_lib_shutdown_signal_1               0x00000161   Thumb Code     0  libshutdown2.o(.ARM.Collect$$libshutdown$$00000009)
    __rt_lib_shutdown_stdio_1                0x00000161   Thumb Code     0  libshutdown2.o(.ARM.Collect$$libshutdown$$00000003)
    __rt_lib_shutdown_user_alloc_1           0x00000161   Thumb Code     0  libshutdown2.o(.ARM.Collect$$libshutdown$$0000000B)
    __rt_entry                               0x00000163   Thumb Code     0  rtentry.o(.ARM.Collect$$rtentry$$00000000)
    __rt_entry_presh_1                       0x00000163   Thumb Code     0  rtentry2.o(.ARM.Collect$$rtentry$$00000002)
    __rt_entry_sh                            0x00000163   Thumb Code     0  rtentry4.o(.ARM.Collect$$rtentry$$00000004)
    __rt_entry_li                            0x00000169   Thumb Code     0  rtentry2.o(.ARM.Collect$$rtentry$$0000000A)
    __rt_entry_postsh_1                      0x00000169   Thumb Code     0  rtentry2.o(.ARM.Collect$$rtentry$$00000009)
    __rt_entry_main                          0x0000016d   Thumb Code     0  rtentry2.o(.ARM.Collect$$rtentry$$0000000D)
    __rt_entry_postli_1                      0x0000016d   Thumb Code     0  rtentry2.o(.ARM.Collect$$rtentry$$0000000C)
    __rt_exit                                0x00000175   Thumb Code     0  rtexit.o(.ARM.Collect$$rtexit$$00000000)
    __rt_exit_ls                             0x00000177   Thumb Code     0  rtexit2.o(.ARM.Collect$$rtexit$$00000003)
    __rt_exit_prels_1                        0x00000177   Thumb Code     0  rtexit2.o(.ARM.Collect$$rtexit$$00000002)
    __rt_exit_exit                           0x0000017b   Thumb Code     0  rtexit2.o(.ARM.Collect$$rtexit$$00000004)
    Recv_dataHandle                          0x00000181   Thumb Code    98  user_app_task.o(.text)
    main                                     0x000001e3   Thumb Code    74  user_app_task.o(.text)
    RAK_RESPONSE_TIMEOUT                     0x00000249   Thumb Code    44  rak_wifi_driver.o(.text)
    rak_clearPktFlag                         0x00000275   Thumb Code     8  rak_wifi_driver.o(.text)
    WIFI_CONFIG_INIT                         0x0000027d   Thumb Code    78  rak_wifi_driver.o(.text)
    Module_Enter_CmdMode                     0x000002cb   Thumb Code   210  rak_wifi_driver.o(.text)
    Send_WPS_Cmd                             0x0000039d   Thumb Code    40  rak_wifi_driver.o(.text)
    Send_EasyConfig_Cmd                      0x000003c5   Thumb Code    40  rak_wifi_driver.o(.text)
    UART1_IRQHandler                         0x0000040d   Thumb Code    66  bsp_driver.o(.text)
    rak_UART_send                            0x0000044f   Thumb Code    30  bsp_driver.o(.text)
    TMR1_IRQHandler                          0x0000046d   Thumb Code    24  bsp_driver.o(.text)
    CHIPIP_RST                               0x00000485   Thumb Code    14  bsp_driver.o(.text)
    Reset_RAK                                0x00000493   Thumb Code    20  bsp_driver.o(.text)
    Delay_ms                                 0x000004a7   Thumb Code    26  bsp_driver.o(.text)
    SYS_Init                                 0x00000505   Thumb Code    60  bsp_init.o(.text)
    UART1_Init                               0x00000541   Thumb Code    58  bsp_init.o(.text)
    GPIO_Init                                0x0000057b   Thumb Code    32  bsp_init.o(.text)
    TIMER1_Init                              0x0000059b   Thumb Code    22  bsp_init.o(.text)
    BSP_Init                                 0x000005b1   Thumb Code    16  bsp_init.o(.text)
    SystemCoreClockUpdate                    0x000005e9   Thumb Code   114  system_m051series.o(.text)
    SystemInit                               0x0000065b   Thumb Code    88  system_m051series.o(.text)
    SendChar_ToUART                          0x000006e5   Thumb Code    26  retarget.o(.text)
    SendChar                                 0x000006ff   Thumb Code    70  retarget.o(.text)
    GetChar                                  0x00000745   Thumb Code    30  retarget.o(.text)
    kbhit                                    0x00000763   Thumb Code    10  retarget.o(.text)
    IsDebugFifoEmpty                         0x0000076d   Thumb Code    10  retarget.o(.text)
    _ttywrch                                 0x00000777   Thumb Code     2  retarget.o(.text)
    fputc                                    0x00000779   Thumb Code    12  retarget.o(.text)
    fgetc                                    0x00000785   Thumb Code     2  retarget.o(.text)
    ferror                                   0x00000787   Thumb Code     6  retarget.o(.text)
    _sys_exit                                0x0000078d   Thumb Code    22  retarget.o(.text)
    Reset_Handler                            0x000007b5   Thumb Code    32  startup_m051series.o(.text)
    NMI_Handler                              0x000007d5   Thumb Code     2  startup_m051series.o(.text)
    HardFault_Handler                        0x000007d7   Thumb Code    18  startup_m051series.o(.text)
    SVC_Handler                              0x000007e9   Thumb Code     2  startup_m051series.o(.text)
    PendSV_Handler                           0x000007eb   Thumb Code     2  startup_m051series.o(.text)
    SysTick_Handler                          0x000007ed   Thumb Code     2  startup_m051series.o(.text)
    ACMP0_IRQHandler                         0x000007ef   Thumb Code     0  startup_m051series.o(.text)
    ACMP1_IRQHandler                         0x000007ef   Thumb Code     0  startup_m051series.o(.text)
    ADC_IRQHandler                           0x000007ef   Thumb Code     0  startup_m051series.o(.text)
    BOD_IRQHandler                           0x000007ef   Thumb Code     0  startup_m051series.o(.text)
    EINT0_IRQHandler                         0x000007ef   Thumb Code     0  startup_m051series.o(.text)
    EINT1_IRQHandler                         0x000007ef   Thumb Code     0  startup_m051series.o(.text)
    GPIOP0P1_IRQHandler                      0x000007ef   Thumb Code     0  startup_m051series.o(.text)
    GPIOP2P3P4_IRQHandler                    0x000007ef   Thumb Code     0  startup_m051series.o(.text)
    I2C0_IRQHandler                          0x000007ef   Thumb Code     0  startup_m051series.o(.text)
    I2C1_IRQHandler                          0x000007ef   Thumb Code     0  startup_m051series.o(.text)
    PWMA_IRQHandler                          0x000007ef   Thumb Code     0  startup_m051series.o(.text)
    PWMB_IRQHandler                          0x000007ef   Thumb Code     0  startup_m051series.o(.text)
    PWRWU_IRQHandler                         0x000007ef   Thumb Code     0  startup_m051series.o(.text)
    RTC_IRQHandler                           0x000007ef   Thumb Code     0  startup_m051series.o(.text)
    SPI0_IRQHandler                          0x000007ef   Thumb Code     0  startup_m051series.o(.text)
    SPI1_IRQHandler                          0x000007ef   Thumb Code     0  startup_m051series.o(.text)
    TMR0_IRQHandler                          0x000007ef   Thumb Code     0  startup_m051series.o(.text)
    TMR2_IRQHandler                          0x000007ef   Thumb Code     0  startup_m051series.o(.text)
    TMR3_IRQHandler                          0x000007ef   Thumb Code     0  startup_m051series.o(.text)
    UART0_IRQHandler                         0x000007ef   Thumb Code     0  startup_m051series.o(.text)
    WDT_IRQHandler                           0x000007ef   Thumb Code     0  startup_m051series.o(.text)
    __user_initial_stackheap                 0x000007f1   Thumb Code     0  startup_m051series.o(.text)
    SH_DoCommand                             0x000007fd   Thumb Code     0  startup_m051series.o(.text)
    parse_args                               0x00000841   Thumb Code    74  rak_config_init.o(.text)
    set_handler                              0x0000088b   Thumb Code  2030  rak_config_init.o(.text)
    parse_config                             0x00001079   Thumb Code    70  rak_config_init.o(.text)
    rak_init_config                          0x000010bf   Thumb Code    10  rak_config_init.o(.text)
    rak_open_cmdMode                         0x000010d5   Thumb Code   122  rak_open_cmdmode.o(.text)
    rak_read_userConfig                      0x0000116d   Thumb Code    48  rak_read_userconfig.o(.text)
    rak_write_restoreConfig                  0x000011b1   Thumb Code  1474  rak_write_restoreconfig.o(.text)
    rak_query_constatus                      0x00001775   Thumb Code    48  rak_query_constatus.o(.text)
    rak_query_ipconifg                       0x000017b9   Thumb Code    48  rak_query_ipconfig.o(.text)
    rak_easy_config                          0x000017f9   Thumb Code    48  rak_easy_config.o(.text)
    rak_wps_config                           0x0000183d   Thumb Code    48  rak_wps_config.o(.text)
    rak_send_Data                            0x00001879   Thumb Code   198  rak_send_data.o(.text)
    __2sprintf                               0x00001969   Thumb Code    40  __2sprintf.o(.text)
    _printf_str                              0x00001995   Thumb Code    82  _printf_str.o(.text)
    _printf_int_dec                          0x000019e9   Thumb Code    90  _printf_dec.o(.text)
    __printf                                 0x00001a55   Thumb Code   272  __printf_wp.o(.text)
    strchr                                   0x00001b65   Thumb Code    20  strchr.o(.text)
    strcpy                                   0x00001b79   Thumb Code    70  strcpy.o(.text)
    strlen                                   0x00001bc5   Thumb Code    62  strlen.o(.text)
    strncmp                                  0x00001c09   Thumb Code   154  strncmp.o(.text)
    strcat                                   0x00001ca9   Thumb Code    24  strcat.o(.text)
    _memset_w                                0x00001cc1   Thumb Code    26  rt_memclr.o(.text)
    _memset                                  0x00001cdb   Thumb Code    30  rt_memclr.o(.text)
    __aeabi_memclr                           0x00001cf9   Thumb Code     4  rt_memclr.o(.text)
    __rt_memclr                              0x00001cf9   Thumb Code     0  rt_memclr.o(.text)
    __aeabi_memclr4                          0x00001cfd   Thumb Code     0  rt_memclr.o(.text)
    __aeabi_memclr8                          0x00001cfd   Thumb Code     0  rt_memclr.o(.text)
    __rt_memclr_w                            0x00001cfd   Thumb Code     4  rt_memclr.o(.text)
    strcmp                                   0x00001d01   Thumb Code   132  strcmp.o(.text)
    __aeabi_uread4                           0x00001d89   Thumb Code    34  uread4.o(.text)
    __rt_uread4                              0x00001d89   Thumb Code     0  uread4.o(.text)
    __aeabi_uidiv                            0x00001dab   Thumb Code     0  aeabi_sdiv.o(.text)
    __aeabi_uidivmod                         0x00001dab   Thumb Code    20  aeabi_sdiv.o(.text)
    __aeabi_idiv                             0x00001dbf   Thumb Code     0  aeabi_sdiv.o(.text)
    __aeabi_idivmod                          0x00001dbf   Thumb Code   326  aeabi_sdiv.o(.text)
    __use_two_region_memory                  0x00001f05   Thumb Code     2  heapauxi.o(.text)
    __rt_heap_escrow$2region                 0x00001f07   Thumb Code     2  heapauxi.o(.text)
    __rt_heap_expand$2region                 0x00001f09   Thumb Code     2  heapauxi.o(.text)
    _printf_int_common                       0x00001f0b   Thumb Code   176  _printf_intcommon.o(.text)
    _printf_char_common                      0x00001fc7   Thumb Code    32  _printf_char_common.o(.text)
    _sputc                                   0x00001fed   Thumb Code    10  _sputc.o(.text)
    _printf_cs_common                        0x00001ff7   Thumb Code    22  _printf_char.o(.text)
    _printf_char                             0x0000200d   Thumb Code    16  _printf_char.o(.text)
    _printf_string                           0x0000201d   Thumb Code     8  _printf_char.o(.text)
    __rt_udiv10                              0x00002025   Thumb Code    40  rtudiv10.o(.text)
    __user_setup_stackheap                   0x0000204d   Thumb Code    62  sys_stackheap_outer.o(.text)
    exit                                     0x0000208b   Thumb Code    12  exit.o(.text)
    __user_libspace                          0x00002099   Thumb Code     8  libspace.o(.text)
    __user_perproc_libspace                  0x00002099   Thumb Code     0  libspace.o(.text)
    __user_perthread_libspace                0x00002099   Thumb Code     0  libspace.o(.text)
    _is_digit                                0x000020a1   Thumb Code    14  __printf_wp.o(i._is_digit)
    gau32ClkSrcTbl                           0x000020b0   Data          32  system_m051series.o(.constdata)
    Region$$Table$$Base                      0x000020d0   Number         0  anon$$obj.o(Region$$Table)
    Region$$Table$$Limit                     0x000020f0   Number         0  anon$$obj.o(Region$$Table)
    wait_WPSbuttonPress                      0x20000000   Data           1  user_app_task.o(.data)
    wait_EasyConfigbuttonPress               0x20000001   Data           1  user_app_task.o(.data)
    rak_Timer                                0x20000004   Data           4  rak_wifi_driver.o(.data)
    UART_RecieveDataFlag                     0x20000008   Data           1  bsp_driver.o(.data)
    UART_data_len                            0x2000000a   Data           2  bsp_driver.o(.data)
    UART_recvDataLen                         0x2000000c   Data           2  bsp_driver.o(.data)
    SystemCoreClock                          0x20000010   Data           4  system_m051series.o(.data)
    CyclesPerUs                              0x20000014   Data           4  system_m051series.o(.data)
    PllClock                                 0x20000018   Data           4  system_m051series.o(.data)
    rak_userCfgstr                           0x20000020   Data         568  rak_wifi_driver.o(.bss)
    uCmdRspFrame                             0x20000258   Data        1224  rak_wifi_driver.o(.bss)
    __libspace_start                         0x20000730   Data          96  libspace.o(.bss)
    __temporary_stack_top$libspace           0x20000790   Data           0  libspace.o(.bss)



==============================================================================

Memory Map of the image

  Image entry point : Not specified.

  Load Region LR_IROM1 (Base: 0x00000000, Size: 0x00002110, Max: 0x00010000, ABSOLUTE)

    Execution Region ER_IROM1 (Base: 0x00000000, Size: 0x000020f0, Max: 0x00010000, ABSOLUTE)

    Base Addr    Size         Type   Attr      Idx    E Section Name        Object

    0x00000000   0x000000c0   Data   RO          246    RESET               startup_m051series.o
    0x000000c0   0x00000008   Code   RO          640  * !!!main             c_p.l(__main.o)
    0x000000c8   0x0000003c   Code   RO          813    !!!scatter          c_p.l(__scatter.o)
    0x00000104   0x0000001a   Code   RO          815    !!handler_copy      c_p.l(__scatter_copy.o)
    0x0000011e   0x00000002   PAD
    0x00000120   0x0000001c   Code   RO          817    !!handler_zi        c_p.l(__scatter_zi.o)
    0x0000013c   0x00000002   Code   RO          617    .ARM.Collect$$_printf_percent$$00000000  c_p.l(_printf_percent.o)
    0x0000013e   0x0000000a   Code   RO          616    .ARM.Collect$$_printf_percent$$00000009  c_p.l(_printf_d.o)
    0x00000148   0x0000000a   Code   RO          615    .ARM.Collect$$_printf_percent$$00000014  c_p.l(_printf_s.o)
    0x00000152   0x00000004   Code   RO          655    .ARM.Collect$$_printf_percent$$00000017  c_p.l(_printf_percent_end.o)
    0x00000156   0x00000006   Code   RO          691    .ARM.Collect$$libinit$$00000000  c_p.l(libinit.o)
    0x0000015c   0x00000000   Code   RO          706    .ARM.Collect$$libinit$$00000006  c_p.l(libinit2.o)
    0x0000015c   0x00000000   Code   RO          708    .ARM.Collect$$libinit$$00000008  c_p.l(libinit2.o)
    0x0000015c   0x00000000   Code   RO          710    .ARM.Collect$$libinit$$0000000A  c_p.l(libinit2.o)
    0x0000015c   0x00000000   Code   RO          713    .ARM.Collect$$libinit$$0000000D  c_p.l(libinit2.o)
    0x0000015c   0x00000000   Code   RO          715    .ARM.Collect$$libinit$$0000000F  c_p.l(libinit2.o)
    0x0000015c   0x00000000   Code   RO          717    .ARM.Collect$$libinit$$00000011  c_p.l(libinit2.o)
    0x0000015c   0x00000000   Code   RO          719    .ARM.Collect$$libinit$$00000013  c_p.l(libinit2.o)
    0x0000015c   0x00000000   Code   RO          721    .ARM.Collect$$libinit$$00000015  c_p.l(libinit2.o)
    0x0000015c   0x00000000   Code   RO          723    .ARM.Collect$$libinit$$00000017  c_p.l(libinit2.o)
    0x0000015c   0x00000000   Code   RO          725    .ARM.Collect$$libinit$$00000019  c_p.l(libinit2.o)
    0x0000015c   0x00000000   Code   RO          727    .ARM.Collect$$libinit$$0000001B  c_p.l(libinit2.o)
    0x0000015c   0x00000000   Code   RO          729    .ARM.Collect$$libinit$$0000001D  c_p.l(libinit2.o)
    0x0000015c   0x00000000   Code   RO          731    .ARM.Collect$$libinit$$0000001F  c_p.l(libinit2.o)
    0x0000015c   0x00000000   Code   RO          733    .ARM.Collect$$libinit$$00000021  c_p.l(libinit2.o)
    0x0000015c   0x00000000   Code   RO          737    .ARM.Collect$$libinit$$00000028  c_p.l(libinit2.o)
    0x0000015c   0x00000000   Code   RO          739    .ARM.Collect$$libinit$$0000002A  c_p.l(libinit2.o)
    0x0000015c   0x00000000   Code   RO          741    .ARM.Collect$$libinit$$0000002C  c_p.l(libinit2.o)
    0x0000015c   0x00000000   Code   RO          743    .ARM.Collect$$libinit$$0000002E  c_p.l(libinit2.o)
    0x0000015c   0x00000002   Code   RO          744    .ARM.Collect$$libinit$$0000002F  c_p.l(libinit2.o)
    0x0000015e   0x00000002   Code   RO          768    .ARM.Collect$$libshutdown$$00000000  c_p.l(libshutdown.o)
    0x00000160   0x00000000   Code   RO          795    .ARM.Collect$$libshutdown$$00000003  c_p.l(libshutdown2.o)
    0x00000160   0x00000000   Code   RO          798    .ARM.Collect$$libshutdown$$00000006  c_p.l(libshutdown2.o)
    0x00000160   0x00000000   Code   RO          801    .ARM.Collect$$libshutdown$$00000009  c_p.l(libshutdown2.o)
    0x00000160   0x00000000   Code   RO          803    .ARM.Collect$$libshutdown$$0000000B  c_p.l(libshutdown2.o)
    0x00000160   0x00000000   Code   RO          806    .ARM.Collect$$libshutdown$$0000000E  c_p.l(libshutdown2.o)
    0x00000160   0x00000002   Code   RO          807    .ARM.Collect$$libshutdown$$0000000F  c_p.l(libshutdown2.o)
    0x00000162   0x00000000   Code   RO          642    .ARM.Collect$$rtentry$$00000000  c_p.l(rtentry.o)
    0x00000162   0x00000000   Code   RO          659    .ARM.Collect$$rtentry$$00000002  c_p.l(rtentry2.o)
    0x00000162   0x00000006   Code   RO          671    .ARM.Collect$$rtentry$$00000004  c_p.l(rtentry4.o)
    0x00000168   0x00000000   Code   RO          661    .ARM.Collect$$rtentry$$00000009  c_p.l(rtentry2.o)
    0x00000168   0x00000004   Code   RO          662    .ARM.Collect$$rtentry$$0000000A  c_p.l(rtentry2.o)
    0x0000016c   0x00000000   Code   RO          664    .ARM.Collect$$rtentry$$0000000C  c_p.l(rtentry2.o)
    0x0000016c   0x00000008   Code   RO          665    .ARM.Collect$$rtentry$$0000000D  c_p.l(rtentry2.o)
    0x00000174   0x00000002   Code   RO          696    .ARM.Collect$$rtexit$$00000000  c_p.l(rtexit.o)
    0x00000176   0x00000000   Code   RO          748    .ARM.Collect$$rtexit$$00000002  c_p.l(rtexit2.o)
    0x00000176   0x00000004   Code   RO          749    .ARM.Collect$$rtexit$$00000003  c_p.l(rtexit2.o)
    0x0000017a   0x00000006   Code   RO          750    .ARM.Collect$$rtexit$$00000004  c_p.l(rtexit2.o)
    0x00000180   0x000000c8   Code   RO            2    .text               user_app_task.o
    0x00000248   0x000001c4   Code   RO          103    .text               rak_wifi_driver.o
    0x0000040c   0x000000f8   Code   RO          133    .text               bsp_driver.o
    0x00000504   0x000000e4   Code   RO          159    .text               bsp_init.o
    0x000005e8   0x000000fc   Code   RO          192    .text               system_m051series.o
    0x000006e4   0x000000d0   Code   RO          218    .text               retarget.o
    0x000007b4   0x0000008c   Code   RO          247  * .text               startup_m051series.o
    0x00000840   0x00000894   Code   RO          251    .text               rak_config_init.o
    0x000010d4   0x00000098   Code   RO          264    .text               rak_open_cmdmode.o
    0x0000116c   0x00000044   Code   RO          328    .text               rak_read_userconfig.o
    0x000011b0   0x000005c2   Code   RO          376    .text               rak_write_restoreconfig.o
    0x00001772   0x00000002   PAD
    0x00001774   0x00000044   Code   RO          440    .text               rak_query_constatus.o
    0x000017b8   0x00000040   Code   RO          456    .text               rak_query_ipconfig.o
    0x000017f8   0x00000044   Code   RO          536    .text               rak_easy_config.o
    0x0000183c   0x0000003c   Code   RO          552    .text               rak_wps_config.o
    0x00001878   0x000000f0   Code   RO          568    .text               rak_send_data.o
    0x00001968   0x0000002c   Code   RO          585    .text               c_p.l(__2sprintf.o)
    0x00001994   0x00000052   Code   RO          591    .text               c_p.l(_printf_str.o)
    0x000019e6   0x00000002   PAD
    0x000019e8   0x0000006c   Code   RO          593    .text               c_p.l(_printf_dec.o)
    0x00001a54   0x00000110   Code   RO          603    .text               c_p.l(__printf_wp.o)
    0x00001b64   0x00000014   Code   RO          618    .text               c_p.l(strchr.o)
    0x00001b78   0x0000004c   Code   RO          620    .text               c_p.l(strcpy.o)
    0x00001bc4   0x00000044   Code   RO          622    .text               c_p.l(strlen.o)
    0x00001c08   0x000000a0   Code   RO          624    .text               c_p.l(strncmp.o)
    0x00001ca8   0x00000018   Code   RO          626    .text               c_p.l(strcat.o)
    0x00001cc0   0x00000040   Code   RO          628    .text               c_p.l(rt_memclr.o)
    0x00001d00   0x00000088   Code   RO          630    .text               c_p.l(strcmp.o)
    0x00001d88   0x00000022   Code   RO          632    .text               c_p.l(uread4.o)
    0x00001daa   0x0000015a   Code   RO          634    .text               c_p.l(aeabi_sdiv.o)
    0x00001f04   0x00000006   Code   RO          638    .text               c_p.l(heapauxi.o)
    0x00001f0a   0x000000b0   Code   RO          647    .text               c_p.l(_printf_intcommon.o)
    0x00001fba   0x00000002   PAD
    0x00001fbc   0x00000030   Code   RO          649    .text               c_p.l(_printf_char_common.o)
    0x00001fec   0x0000000a   Code   RO          651    .text               c_p.l(_sputc.o)
    0x00001ff6   0x0000002e   Code   RO          653    .text               c_p.l(_printf_char.o)
    0x00002024   0x00000028   Code   RO          656    .text               c_p.l(rtudiv10.o)
    0x0000204c   0x0000003e   Code   RO          677    .text               c_p.l(sys_stackheap_outer.o)
    0x0000208a   0x0000000c   Code   RO          680    .text               c_p.l(exit.o)
    0x00002096   0x00000002   PAD
    0x00002098   0x00000008   Code   RO          692    .text               c_p.l(libspace.o)
    0x000020a0   0x0000000e   Code   RO          605    i._is_digit         c_p.l(__printf_wp.o)
    0x000020ae   0x00000002   PAD
    0x000020b0   0x00000020   Data   RO          193    .constdata          system_m051series.o
    0x000020d0   0x00000020   Data   RO          811    Region$$Table       anon$$obj.o


    Execution Region RW_IRAM1 (Base: 0x20000000, Size: 0x00000990, Max: 0x00001000, ABSOLUTE)

    Base Addr    Size         Type   Attr      Idx    E Section Name        Object

    0x20000000   0x00000002   Data   RW            3    .data               user_app_task.o
    0x20000002   0x00000002   PAD
    0x20000004   0x00000004   Data   RW          106    .data               rak_wifi_driver.o
    0x20000008   0x00000006   Data   RW          134    .data               bsp_driver.o
    0x2000000e   0x00000002   PAD
    0x20000010   0x0000000c   Data   RW          194    .data               system_m051series.o
    0x2000001c   0x00000001   Data   RW          220    .data               retarget.o
    0x2000001d   0x00000003   PAD
    0x20000020   0x00000700   Zero   RW          104    .bss                rak_wifi_driver.o
    0x20000720   0x00000010   Zero   RW          219    .bss                retarget.o
    0x20000730   0x00000060   Zero   RW          693    .bss                c_p.l(libspace.o)
    0x20000790   0x00000000   Zero   RW          245    HEAP                startup_m051series.o
    0x20000790   0x00000200   Zero   RW          244    STACK               startup_m051series.o


==============================================================================

Image component sizes


      Code (inc. data)   RO Data    RW Data    ZI Data      Debug   Object Name

       248         42          0          6          0      15173   bsp_driver.o
       228         40          0          0          0      20075   bsp_init.o
      2196        656          0          0          0       3274   rak_config_init.o
        68         20          0          0          0        582   rak_easy_config.o
       152         30          0          0          0        663   rak_open_cmdmode.o
        68         20          0          0          0        598   rak_query_constatus.o
        64         16          0          0          0        593   rak_query_ipconfig.o
        68         20          0          0          0        598   rak_read_userconfig.o
       240         42          0          0          0       1288   rak_send_data.o
       452         32          0          4       1792       8515   rak_wifi_driver.o
        60         12          0          0          0        577   rak_wps_config.o
      1474        992          0          0          0        898   rak_write_restoreconfig.o
       208         18          0          1         16       3936   retarget.o
       140         52        192          0        512        784   startup_m051series.o
       252         50         32         12          0      15237   system_m051series.o
       200         28          0          2          0      61394   user_app_task.o

    ----------------------------------------------------------------------
      6120       2070        256         32       2320     134185   Object Totals
         0          0         32          0          0          0   (incl. Generated)
         2          0          0          7          0          0   (incl. Padding)

    ----------------------------------------------------------------------

      Code (inc. data)   RO Data    RW Data    ZI Data      Debug   Library Member Name

        44          4          0          0          0         84   __2sprintf.o
         8          0          0          0          0         68   __main.o
       286          0          0          0          0        136   __printf_wp.o
        60          8          0          0          0          0   __scatter.o
        26          0          0          0          0          0   __scatter_copy.o
        28          0          0          0          0          0   __scatter_zi.o
        46          0          0          0          0        100   _printf_char.o
        48          6          0          0          0         88   _printf_char_common.o
        10          0          0          0          0          0   _printf_d.o
       108         18          0          0          0         76   _printf_dec.o
       176          0          0          0          0         84   _printf_intcommon.o
         2          0          0          0          0          0   _printf_percent.o
         4          0          0          0          0          0   _printf_percent_end.o
        10          0          0          0          0          0   _printf_s.o
        82          0          0          0          0         72   _printf_str.o
        10          0          0          0          0         60   _sputc.o
       346          0          0          0          0         92   aeabi_sdiv.o
        12          0          0          0          0         64   exit.o
         6          0          0          0          0        136   heapauxi.o
         6          0          0          0          0          0   libinit.o
         2          0          0          0          0          0   libinit2.o
         2          0          0          0          0          0   libshutdown.o
         2          0          0          0          0          0   libshutdown2.o
         8          4          0          0         96         68   libspace.o
        64          0          0          0          0        108   rt_memclr.o
         0          0          0          0          0          0   rtentry.o
        12          0          0          0          0          0   rtentry2.o
         6          0          0          0          0          0   rtentry4.o
         2          0          0          0          0          0   rtexit.o
        10          0          0          0          0          0   rtexit2.o
        40          0          0          0          0         60   rtudiv10.o
        24          0          0          0          0         60   strcat.o
        20          0          0          0          0         60   strchr.o
       136          4          0          0          0         72   strcmp.o
        76          6          0          0          0         72   strcpy.o
        68          6          0          0          0         72   strlen.o
       160          6          0          0          0         76   strncmp.o
        62          0          0          0          0         80   sys_stackheap_outer.o
        34          0          0          0          0         60   uread4.o

    ----------------------------------------------------------------------
      2056         62          0          0         96       1848   Library Totals
        10          0          0          0          0          0   (incl. Padding)

    ----------------------------------------------------------------------

      Code (inc. data)   RO Data    RW Data    ZI Data      Debug   Library Name

      2046         62          0          0         96       1848   c_p.l

    ----------------------------------------------------------------------
      2056         62          0          0         96       1848   Library Totals

    ----------------------------------------------------------------------

==============================================================================


      Code (inc. data)   RO Data    RW Data    ZI Data      Debug   

      8176       2132        256         32       2416     134109   Grand Totals
      8176       2132        256         32       2416     134109   ELF Image Totals
      8176       2132        256         32          0          0   ROM Totals

==============================================================================

    Total RO  Size (Code + RO Data)                 8432 (   8.23kB)
    Total RW  Size (RW Data + ZI Data)              2448 (   2.39kB)
    Total ROM Size (Code + RO Data + RW Data)       8464 (   8.27kB)

==============================================================================

