<html>
<body>
<pre>
<h1>礦ision Build Log</h1>
<h2>Project:</h2>
E:\力天宏威\工作项目\RAK415 项目\RAK415_UART_DEMO V1.0.1\RAK415_UART_DEMO V1.0.1\RAK410_UART_TEST.uvproj
Project File Date:  09/05/2013

<h2>Output:</h2>
Build target 'RAK415_UART_DEMO'
compiling USER_APP_Task.c...
..\RAK_Source\BSP_Driver.h(8): error:  #5: cannot open source input file "rak_config.h": No such file or directory
..\RAK_Source\BSP_Driver.h:   #include "rak_config.h"
..\RAK_Source\BSP_Driver.h:                          ^
..\RAK_Source\BSP_Driver.h: ..\RAK_Source\USER_APP_Task.c: 0 warnings, 1 error
compiling RAK_WIFI_Driver.c...
..\RAK_Source\BSP_Driver.h(8): error:  #5: cannot open source input file "rak_config.h": No such file or directory
..\RAK_Source\BSP_Driver.h:   #include "rak_config.h"
..\RAK_Source\BSP_Driver.h:                          ^
..\RAK_Source\BSP_Driver.h: ..\RAK_Source\RAK_WIFI_Driver.c: 0 warnings, 1 error
compiling BSP_Driver.c...
..\RAK_Source\BSP_Driver.h(8): error:  #5: cannot open source input file "rak_config.h": No such file or directory
..\RAK_Source\BSP_Driver.h:   #include "rak_config.h"
..\RAK_Source\BSP_Driver.h:                          ^
..\RAK_Source\BSP_Driver.h: ..\RAK_Source\BSP_Driver.c: 0 warnings, 1 error
compiling BSP_Init.c...
..\RAK_Source\BSP_Init.h(10): error:  #5: cannot open source input file "rak_config.h": No such file or directory
..\RAK_Source\BSP_Init.h:   #include "rak_config.h"
..\RAK_Source\BSP_Init.h:                          ^
..\RAK_Source\BSP_Init.h: ..\RAK_Source\BSP_Init.c: 0 warnings, 1 error
compiling core_cm0.c...
compiling system_M051Series.c...
compiling retarget.c...
assembling startup_M051Series.s...
compiling rak_config_init.c...
..\RAK_Driver\rak_config_init.c(11): error:  #5: cannot open source input file "rak_global.h": No such file or directory
..\RAK_Driver\rak_config_init.c:   #include "rak_global.h"
..\RAK_Driver\rak_config_init.c:                          ^
..\RAK_Driver\rak_config_init.c: ..\RAK_Driver\rak_config_init.c: 0 warnings, 1 error
compiling rak_connect_ap.c...
..\RAK_Driver\rak_connect_ap.c(13): error:  #5: cannot open source input file "BSP_Driver.h": No such file or directory
..\RAK_Driver\rak_connect_ap.c:   #include "BSP_Driver.h"
..\RAK_Driver\rak_connect_ap.c:                          ^
..\RAK_Driver\rak_connect_ap.c: ..\RAK_Driver\rak_connect_ap.c: 0 warnings, 1 error
compiling rak_creat_apadhoc.c...
..\RAK_Driver\rak_creat_apadhoc.c(12): error:  #5: cannot open source input file "BSP_Driver.h": No such file or directory
..\RAK_Driver\rak_creat_apadhoc.c:   #include "BSP_Driver.h"
..\RAK_Driver\rak_creat_apadhoc.c:                          ^
..\RAK_Driver\rak_creat_apadhoc.c: ..\RAK_Driver\rak_creat_apadhoc.c: 0 warnings, 1 error
compiling rak_open_socket.c...
..\RAK_Driver\rak_open_socket.c(11): error:  #5: cannot open source input file "BSP_Driver.h": No such file or directory
..\RAK_Driver\rak_open_socket.c:   #include "BSP_Driver.h"
..\RAK_Driver\rak_open_socket.c:                          ^
..\RAK_Driver\rak_open_socket.c: ..\RAK_Driver\rak_open_socket.c: 0 warnings, 1 error
compiling rak_query_con_status.c...
..\RAK_Driver\rak_query_con_status.c(11): error:  #5: cannot open source input file "BSP_Driver.h": No such file or directory
..\RAK_Driver\rak_query_con_status.c:   #include "BSP_Driver.h"
..\RAK_Driver\rak_query_con_status.c:                          ^
..\RAK_Driver\rak_query_con_status.c: ..\RAK_Driver\rak_query_con_status.c: 0 warnings, 1 error
compiling rak_query_dns.c...
..\RAK_Driver\rak_query_dns.c(12): error:  #5: cannot open source input file "BSP_Driver.h": No such file or directory
..\RAK_Driver\rak_query_dns.c:   #include "BSP_Driver.h"
..\RAK_Driver\rak_query_dns.c:                          ^
..\RAK_Driver\rak_query_dns.c: ..\RAK_Driver\rak_query_dns.c: 0 warnings, 1 error
compiling rak_query_fwversion.c...
..\RAK_Driver\rak_query_fwversion.c(11): error:  #5: cannot open source input file "BSP_Driver.h": No such file or directory
..\RAK_Driver\rak_query_fwversion.c:   #include "BSP_Driver.h"
..\RAK_Driver\rak_query_fwversion.c:                          ^
..\RAK_Driver\rak_query_fwversion.c: ..\RAK_Driver\rak_query_fwversion.c: 0 warnings, 1 error
compiling rak_query_ipconfig.c...
..\RAK_Driver\rak_query_ipconfig.c(12): error:  #5: cannot open source input file "BSP_Driver.h": No such file or directory
..\RAK_Driver\rak_query_ipconfig.c:   #include "BSP_Driver.h"
..\RAK_Driver\rak_query_ipconfig.c:                          ^
..\RAK_Driver\rak_query_ipconfig.c: ..\RAK_Driver\rak_query_ipconfig.c: 0 warnings, 1 error
compiling rak_query_rssi.c...
..\RAK_Driver\rak_query_rssi.c(11): error:  #5: cannot open source input file "BSP_Driver.h": No such file or directory
..\RAK_Driver\rak_query_rssi.c:   #include "BSP_Driver.h"
..\RAK_Driver\rak_query_rssi.c:                          ^
..\RAK_Driver\rak_query_rssi.c: ..\RAK_Driver\rak_query_rssi.c: 0 warnings, 1 error
compiling rak_scan_ap.c...
..\RAK_Driver\rak_scan_ap.c(11): error:  #5: cannot open source input file "BSP_Driver.h": No such file or directory
..\RAK_Driver\rak_scan_ap.c:   #include "BSP_Driver.h"
..\RAK_Driver\rak_scan_ap.c:                          ^
..\RAK_Driver\rak_scan_ap.c: ..\RAK_Driver\rak_scan_ap.c: 0 warnings, 1 error
compiling rak_send_data.c...
..\RAK_Driver\rak_send_data.c(12): error:  #5: cannot open source input file "BSP_Driver.h": No such file or directory
..\RAK_Driver\rak_send_data.c:   #include "BSP_Driver.h"
..\RAK_Driver\rak_send_data.c:                          ^
..\RAK_Driver\rak_send_data.c: ..\RAK_Driver\rak_send_data.c: 0 warnings, 1 error
compiling rak_set_channel.c...
..\RAK_Driver\rak_set_channel.c(11): error:  #5: cannot open source input file "BSP_Driver.h": No such file or directory
..\RAK_Driver\rak_set_channel.c:   #include "BSP_Driver.h"
..\RAK_Driver\rak_set_channel.c:                          ^
..\RAK_Driver\rak_set_channel.c: ..\RAK_Driver\rak_set_channel.c: 0 warnings, 1 error
compiling rak_set_ipdhcp.c...
..\RAK_Driver\rak_set_ipdhcp.c(11): error:  #5: cannot open source input file "BSP_Driver.h": No such file or directory
..\RAK_Driver\rak_set_ipdhcp.c:   #include "BSP_Driver.h"
..\RAK_Driver\rak_set_ipdhcp.c:                          ^
..\RAK_Driver\rak_set_ipdhcp.c: ..\RAK_Driver\rak_set_ipdhcp.c: 0 warnings, 1 error
compiling rak_set_ipstatic.c...
..\RAK_Driver\rak_set_ipstatic.c(11): error:  #5: cannot open source input file "BSP_Driver.h": No such file or directory
..\RAK_Driver\rak_set_ipstatic.c:   #include "BSP_Driver.h"
..\RAK_Driver\rak_set_ipstatic.c:                          ^
..\RAK_Driver\rak_set_ipstatic.c: ..\RAK_Driver\rak_set_ipstatic.c: 0 warnings, 1 error
compiling rak_set_psk.c...
..\RAK_Driver\rak_set_psk.c(11): error:  #5: cannot open source input file "BSP_Driver.h": No such file or directory
..\RAK_Driver\rak_set_psk.c:   #include "BSP_Driver.h"
..\RAK_Driver\rak_set_psk.c:                          ^
..\RAK_Driver\rak_set_psk.c: ..\RAK_Driver\rak_set_psk.c: 0 warnings, 1 error
compiling rak_set_pwrmode.c...
..\RAK_Driver\rak_set_pwrmode.c(11): error:  #5: cannot open source input file "BSP_Driver.h": No such file or directory
..\RAK_Driver\rak_set_pwrmode.c:   #include "BSP_Driver.h"
..\RAK_Driver\rak_set_pwrmode.c:                          ^
..\RAK_Driver\rak_set_pwrmode.c: ..\RAK_Driver\rak_set_pwrmode.c: 0 warnings, 1 error
Target not created
Build target 'RAK415_UART_DEMO'
compiling USER_APP_Task.c...
..\RAK_Source\USER_APP_Task.c(27): warning:  #177-D: variable "len" was declared but never referenced
..\RAK_Source\USER_APP_Task.c:          uint16_t len = 0;
..\RAK_Source\USER_APP_Task.c:                   ^
..\RAK_Source\USER_APP_Task.c: ..\RAK_Source\USER_APP_Task.c: 1 warning, 0 errors
compiling RAK_WIFI_Driver.c...
compiling BSP_Driver.c...
compiling BSP_Init.c...
compiling core_cm0.c...
compiling system_M051Series.c...
compiling retarget.c...
assembling startup_M051Series.s...
compiling rak_config_init.c...
compiling rak_connect_ap.c...
compiling rak_creat_apadhoc.c...
compiling rak_open_socket.c...
compiling rak_query_con_status.c...
compiling rak_query_dns.c...
compiling rak_query_fwversion.c...
compiling rak_query_ipconfig.c...
compiling rak_query_rssi.c...
compiling rak_scan_ap.c...
compiling rak_send_data.c...
compiling rak_set_channel.c...
compiling rak_set_ipdhcp.c...
compiling rak_set_ipstatic.c...
compiling rak_set_psk.c...
compiling rak_set_pwrmode.c...
linking...
.\output\RAK415_UART_DEMO.axf: Warning: L6305W: Image does not have an entry point. (Not specified or not set due to multiple choices.)
Program Size: Code=6436 RO-data=528 RW-data=40 ZI-data=3224  
.\output\RAK415_UART_DEMO.axf: Finished: 0 information, 1 warning and 0 error messages.
".\output\RAK415_UART_DEMO.axf" - 0 Error(s), 2 Warning(s).
