<html>
<body>
<pre>
<h1>礦ision Build Log</h1>
<h2>Project:</h2>
E:\力天宏威\工作项目\RAK43X 项目\RAK413示例源码\RAK415_UART_DEMO V1.0.6\RAK415_UART_DEMO V1.0.6\RAK415_UART_DEMO.uvproj
Project File Date:  09/14/2014

<h2>Output:</h2>
Build target 'RAK415_UART_DEMO'
compiling USER_APP_Task.c...
compiling RAK_WIFI_Driver.c...
compiling BSP_Driver.c...
compiling BSP_Init.c...
compiling core_cm0.c...
compiling system_M051Series.c...
compiling retarget.c...
assembling startup_M051Series.s...
compiling rak_config_init.c...
compiling rak_open_cmdMode.c...
compiling rak_query_fwversion.c...
compiling rak_query_macaddr.c...
compiling rak_reset.c...
compiling rak_read_userConfig.c...
compiling rak_write_userConfig.c...
compiling rak_read_restoreConfig.c...
compiling rak_write_restoreConfig.c...
compiling rak_restore.c...
compiling rak_easy_txrxMode.c...
compiling rak_copy_uConfig.c...
compiling rak_query_constatus.c...
compiling rak_query_ipconfig.c...
compiling rak_query_tcpstatus.c...
compiling rak_scan_ap.c...
compiling rak_query_rssi.c...
compiling rak_get_scan.c...
compiling rak_easy_config.c...
compiling rak_wps_config.c...
compiling rak_send_data.c...
linking...
.\output\RAK415_UART_DEMO.axf: Warning: L6305W: Image does not have an entry point. (Not specified or not set due to multiple choices.)
Program Size: Code=8176 RO-data=256 RW-data=32 ZI-data=2416  
".\output\RAK415_UART_DEMO.axf" - 0 Error(s), 1 Warning(s).
